[0.142s] DEBUG:colcon:Command line arguments: ['/usr/bin/colcon', 'build']
[0.142s] DEBUG:colcon:Parsed command line arguments: Namespace(log_base=None, log_level=None, verb_name='build', build_base='build', install_base='install', merge_install=False, symlink_install=False, test_result_base=None, continue_on_error=False, executor='parallel', parallel_workers=4, event_handlers=None, ignore_user_meta=False, metas=['./colcon.meta'], base_paths=['.'], packages_ignore=None, packages_ignore_regex=None, paths=None, packages_up_to=None, packages_up_to_regex=None, packages_above=None, packages_above_and_dependencies=None, packages_above_depth=None, packages_select_by_dep=None, packages_skip_by_dep=None, packages_skip_up_to=None, packages_select_build_failed=False, packages_skip_build_finished=False, packages_select_test_failures=False, packages_skip_test_passed=False, packages_select=None, packages_skip=None, packages_select_regex=None, packages_skip_regex=None, packages_start=None, packages_end=None, allow_overriding=[], cmake_args=None, cmake_target=None, cmake_target_skip_unavailable=False, cmake_clean_cache=False, cmake_clean_first=False, cmake_force_configure=False, ament_cmake_args=None, catkin_cmake_args=None, catkin_skip_building_tests=False, verb_parser=<colcon_defaults.argument_parser.defaults.DefaultArgumentsDecorator object at 0xffff7ffd99d0>, verb_extension=<colcon_core.verb.build.BuildVerb object at 0xffff80192600>, main=<bound method BuildVerb.main of <colcon_core.verb.build.BuildVerb object at 0xffff80192600>>)
[0.200s] Level 1:colcon.colcon_core.package_discovery:discover_packages(colcon_meta) check parameters
[0.200s] Level 1:colcon.colcon_core.package_discovery:discover_packages(recursive) check parameters
[0.201s] Level 1:colcon.colcon_core.package_discovery:discover_packages(ignore) check parameters
[0.201s] Level 1:colcon.colcon_core.package_discovery:discover_packages(path) check parameters
[0.201s] Level 1:colcon.colcon_core.package_discovery:discover_packages(colcon_meta) discover
[0.201s] Level 1:colcon.colcon_core.package_discovery:discover_packages(recursive) discover
[0.201s] INFO:colcon.colcon_core.package_discovery:Crawling recursively for packages in '/home/piusr/92032_CAN/RosMsg'
[0.201s] Level 1:colcon.colcon_core.package_identification:_identify(.) by extensions ['ignore', 'ignore_ament_install']
[0.201s] Level 1:colcon.colcon_core.package_identification:_identify(.) by extension 'ignore'
[0.201s] Level 1:colcon.colcon_core.package_identification:_identify(.) by extension 'ignore_ament_install'
[0.201s] Level 1:colcon.colcon_core.package_identification:_identify(.) by extensions ['colcon_pkg']
[0.201s] Level 1:colcon.colcon_core.package_identification:_identify(.) by extension 'colcon_pkg'
[0.201s] Level 1:colcon.colcon_core.package_identification:_identify(.) by extensions ['colcon_meta']
[0.201s] Level 1:colcon.colcon_core.package_identification:_identify(.) by extension 'colcon_meta'
[0.201s] Level 1:colcon.colcon_core.package_identification:_identify(.) by extensions ['ros']
[0.201s] Level 1:colcon.colcon_core.package_identification:_identify(.) by extension 'ros'
[0.237s] Level 1:colcon.colcon_core.package_identification:_identify(.) by extensions ['cmake', 'python']
[0.237s] Level 1:colcon.colcon_core.package_identification:_identify(.) by extension 'cmake'
[0.237s] Level 1:colcon.colcon_core.package_identification:_identify(.) by extension 'python'
[0.237s] Level 1:colcon.colcon_core.package_identification:_identify(.) by extensions ['python_setup_py']
[0.237s] Level 1:colcon.colcon_core.package_identification:_identify(.) by extension 'python_setup_py'
[0.238s] Level 1:colcon.colcon_core.package_identification:_identify(build) by extensions ['ignore', 'ignore_ament_install']
[0.238s] Level 1:colcon.colcon_core.package_identification:_identify(build) by extension 'ignore'
[0.238s] Level 1:colcon.colcon_core.package_identification:_identify(build) ignored
[0.238s] Level 1:colcon.colcon_core.package_identification:_identify(install) by extensions ['ignore', 'ignore_ament_install']
[0.238s] Level 1:colcon.colcon_core.package_identification:_identify(install) by extension 'ignore'
[0.238s] Level 1:colcon.colcon_core.package_identification:_identify(install) ignored
[0.238s] Level 1:colcon.colcon_core.package_identification:_identify(log) by extensions ['ignore', 'ignore_ament_install']
[0.238s] Level 1:colcon.colcon_core.package_identification:_identify(log) by extension 'ignore'
[0.238s] Level 1:colcon.colcon_core.package_identification:_identify(log) ignored
[0.238s] Level 1:colcon.colcon_core.package_identification:_identify(rosmsg) by extensions ['ignore', 'ignore_ament_install']
[0.238s] Level 1:colcon.colcon_core.package_identification:_identify(rosmsg) by extension 'ignore'
[0.239s] Level 1:colcon.colcon_core.package_identification:_identify(rosmsg) by extension 'ignore_ament_install'
[0.239s] Level 1:colcon.colcon_core.package_identification:_identify(rosmsg) by extensions ['colcon_pkg']
[0.239s] Level 1:colcon.colcon_core.package_identification:_identify(rosmsg) by extension 'colcon_pkg'
[0.239s] Level 1:colcon.colcon_core.package_identification:_identify(rosmsg) by extensions ['colcon_meta']
[0.239s] Level 1:colcon.colcon_core.package_identification:_identify(rosmsg) by extension 'colcon_meta'
[0.239s] Level 1:colcon.colcon_core.package_identification:_identify(rosmsg) by extensions ['ros']
[0.239s] Level 1:colcon.colcon_core.package_identification:_identify(rosmsg) by extension 'ros'
[0.244s] DEBUG:colcon.colcon_core.package_identification:Package 'rosmsg' with type 'ros.ament_cmake' and name 'rosmsg'
[0.244s] Level 1:colcon.colcon_core.package_discovery:discover_packages(recursive) using defaults
[0.244s] Level 1:colcon.colcon_core.package_discovery:discover_packages(ignore) discover
[0.245s] Level 1:colcon.colcon_core.package_discovery:discover_packages(ignore) using defaults
[0.245s] Level 1:colcon.colcon_core.package_discovery:discover_packages(path) discover
[0.245s] Level 1:colcon.colcon_core.package_discovery:discover_packages(path) using defaults
[0.269s] Level 1:colcon.colcon_core.package_discovery:discover_packages(prefix_path) check parameters
[0.269s] Level 1:colcon.colcon_core.package_discovery:discover_packages(prefix_path) discover
[0.270s] WARNING:colcon.colcon_ros.prefix_path.ament:The path '/home/piusr/92032_CAN/RosMsg/install/rosmsg' in the environment variable AMENT_PREFIX_PATH doesn't exist
[0.270s] WARNING:colcon.colcon_ros.prefix_path.catkin:The path '/home/piusr/92032_CAN/RosMsg/install/rosmsg' in the environment variable CMAKE_PREFIX_PATH doesn't exist
[0.271s] DEBUG:colcon.colcon_installed_package_information.package_discovery:Found 0 installed packages in /home/piusr/92032_CAN/RosMsg/install
[0.273s] DEBUG:colcon.colcon_installed_package_information.package_discovery:Found 285 installed packages in /opt/ros/jazzy
[0.275s] Level 1:colcon.colcon_core.package_discovery:discover_packages(prefix_path) using defaults
[0.343s] Level 5:colcon.colcon_core.verb:set package 'rosmsg' build argument 'cmake_args' from command line to 'None'
[0.343s] Level 5:colcon.colcon_core.verb:set package 'rosmsg' build argument 'cmake_target' from command line to 'None'
[0.343s] Level 5:colcon.colcon_core.verb:set package 'rosmsg' build argument 'cmake_target_skip_unavailable' from command line to 'False'
[0.343s] Level 5:colcon.colcon_core.verb:set package 'rosmsg' build argument 'cmake_clean_cache' from command line to 'False'
[0.343s] Level 5:colcon.colcon_core.verb:set package 'rosmsg' build argument 'cmake_clean_first' from command line to 'False'
[0.343s] Level 5:colcon.colcon_core.verb:set package 'rosmsg' build argument 'cmake_force_configure' from command line to 'False'
[0.343s] Level 5:colcon.colcon_core.verb:set package 'rosmsg' build argument 'ament_cmake_args' from command line to 'None'
[0.343s] Level 5:colcon.colcon_core.verb:set package 'rosmsg' build argument 'catkin_cmake_args' from command line to 'None'
[0.343s] Level 5:colcon.colcon_core.verb:set package 'rosmsg' build argument 'catkin_skip_building_tests' from command line to 'False'
[0.343s] DEBUG:colcon.colcon_core.verb:Building package 'rosmsg' with the following arguments: {'ament_cmake_args': None, 'build_base': '/home/piusr/92032_CAN/RosMsg/build/rosmsg', 'catkin_cmake_args': None, 'catkin_skip_building_tests': False, 'cmake_args': None, 'cmake_clean_cache': False, 'cmake_clean_first': False, 'cmake_force_configure': False, 'cmake_target': None, 'cmake_target_skip_unavailable': False, 'install_base': '/home/piusr/92032_CAN/RosMsg/install/rosmsg', 'merge_install': False, 'path': '/home/piusr/92032_CAN/RosMsg/rosmsg', 'symlink_install': False, 'test_result_base': None}
[0.343s] INFO:colcon.colcon_core.executor:Executing jobs using 'parallel' executor
[0.344s] DEBUG:colcon.colcon_parallel_executor.executor.parallel:run_until_complete
[0.345s] INFO:colcon.colcon_ros.task.ament_cmake.build:Building ROS package in '/home/piusr/92032_CAN/RosMsg/rosmsg' with build type 'ament_cmake'
[0.345s] INFO:colcon.colcon_cmake.task.cmake.build:Building CMake package in '/home/piusr/92032_CAN/RosMsg/rosmsg'
[0.351s] INFO:colcon.colcon_core.plugin_system:Skipping extension 'colcon_core.shell.bat': Not used on non-Windows systems
[0.352s] INFO:colcon.colcon_core.shell:Skip shell extension 'powershell' for command environment: Not usable outside of PowerShell
[0.352s] DEBUG:colcon.colcon_core.shell:Skip shell extension 'dsv' for command environment
[0.370s] DEBUG:colcon.colcon_core.event_handler.log_command:Invoking command in '/home/piusr/92032_CAN/RosMsg/build/rosmsg': CMAKE_PREFIX_PATH=${CMAKE_PREFIX_PATH}:/opt/ros/jazzy DEBUGINFOD_URLS=https://debuginfod.ubuntu.com /usr/bin/cmake /home/piusr/92032_CAN/RosMsg/rosmsg -DCMAKE_INSTALL_PREFIX=/home/piusr/92032_CAN/RosMsg/install/rosmsg
[5.711s] DEBUG:colcon.colcon_core.event_handler.log_command:Invoked command in '/home/piusr/92032_CAN/RosMsg/build/rosmsg' returned '0': CMAKE_PREFIX_PATH=${CMAKE_PREFIX_PATH}:/opt/ros/jazzy DEBUGINFOD_URLS=https://debuginfod.ubuntu.com /usr/bin/cmake /home/piusr/92032_CAN/RosMsg/rosmsg -DCMAKE_INSTALL_PREFIX=/home/piusr/92032_CAN/RosMsg/install/rosmsg
[5.713s] DEBUG:colcon.colcon_core.event_handler.log_command:Invoking command in '/home/piusr/92032_CAN/RosMsg/build/rosmsg': CMAKE_PREFIX_PATH=${CMAKE_PREFIX_PATH}:/opt/ros/jazzy DEBUGINFOD_URLS=https://debuginfod.ubuntu.com /usr/bin/cmake --build /home/piusr/92032_CAN/RosMsg/build/rosmsg -- -j4 -l4
[16.207s] DEBUG:colcon.colcon_core.event_handler.log_command:Invoked command in '/home/piusr/92032_CAN/RosMsg/build/rosmsg' returned '0': CMAKE_PREFIX_PATH=${CMAKE_PREFIX_PATH}:/opt/ros/jazzy DEBUGINFOD_URLS=https://debuginfod.ubuntu.com /usr/bin/cmake --build /home/piusr/92032_CAN/RosMsg/build/rosmsg -- -j4 -l4
[16.226s] DEBUG:colcon.colcon_core.event_handler.log_command:Invoking command in '/home/piusr/92032_CAN/RosMsg/build/rosmsg': CMAKE_PREFIX_PATH=${CMAKE_PREFIX_PATH}:/opt/ros/jazzy DEBUGINFOD_URLS=https://debuginfod.ubuntu.com /usr/bin/cmake --install /home/piusr/92032_CAN/RosMsg/build/rosmsg
[16.378s] Level 1:colcon.colcon_core.environment:create_environment_scripts_only(rosmsg)
[16.379s] DEBUG:colcon.colcon_core.event_handler.log_command:Invoked command in '/home/piusr/92032_CAN/RosMsg/build/rosmsg' returned '0': CMAKE_PREFIX_PATH=${CMAKE_PREFIX_PATH}:/opt/ros/jazzy DEBUGINFOD_URLS=https://debuginfod.ubuntu.com /usr/bin/cmake --install /home/piusr/92032_CAN/RosMsg/build/rosmsg
[16.382s] Level 1:colcon.colcon_core.environment:checking '/home/piusr/92032_CAN/RosMsg/install/rosmsg' for CMake module files
[16.382s] Level 1:colcon.colcon_core.environment:checking '/home/piusr/92032_CAN/RosMsg/install/rosmsg' for CMake config files
[16.383s] Level 1:colcon.colcon_core.shell:create_environment_hook('rosmsg', 'cmake_prefix_path')
[16.383s] INFO:colcon.colcon_core.shell:Creating environment hook '/home/piusr/92032_CAN/RosMsg/install/rosmsg/share/rosmsg/hook/cmake_prefix_path.ps1'
[16.384s] INFO:colcon.colcon_core.shell:Creating environment descriptor '/home/piusr/92032_CAN/RosMsg/install/rosmsg/share/rosmsg/hook/cmake_prefix_path.dsv'
[16.384s] INFO:colcon.colcon_core.shell:Creating environment hook '/home/piusr/92032_CAN/RosMsg/install/rosmsg/share/rosmsg/hook/cmake_prefix_path.sh'
[16.385s] Level 1:colcon.colcon_core.environment:checking '/home/piusr/92032_CAN/RosMsg/install/rosmsg/lib'
[16.385s] Level 1:colcon.colcon_core.shell:create_environment_hook('rosmsg', 'ld_library_path_lib')
[16.386s] INFO:colcon.colcon_core.shell:Creating environment hook '/home/piusr/92032_CAN/RosMsg/install/rosmsg/share/rosmsg/hook/ld_library_path_lib.ps1'
[16.386s] INFO:colcon.colcon_core.shell:Creating environment descriptor '/home/piusr/92032_CAN/RosMsg/install/rosmsg/share/rosmsg/hook/ld_library_path_lib.dsv'
[16.386s] INFO:colcon.colcon_core.shell:Creating environment hook '/home/piusr/92032_CAN/RosMsg/install/rosmsg/share/rosmsg/hook/ld_library_path_lib.sh'
[16.387s] Level 1:colcon.colcon_core.environment:checking '/home/piusr/92032_CAN/RosMsg/install/rosmsg/bin'
[16.387s] Level 1:colcon.colcon_core.environment:checking '/home/piusr/92032_CAN/RosMsg/install/rosmsg/lib/pkgconfig/rosmsg.pc'
[16.387s] Level 1:colcon.colcon_core.environment:checking '/home/piusr/92032_CAN/RosMsg/install/rosmsg/lib/python3.12/site-packages'
[16.387s] Level 1:colcon.colcon_core.shell:create_environment_hook('rosmsg', 'pythonpath')
[16.388s] INFO:colcon.colcon_core.shell:Creating environment hook '/home/piusr/92032_CAN/RosMsg/install/rosmsg/share/rosmsg/hook/pythonpath.ps1'
[16.388s] INFO:colcon.colcon_core.shell:Creating environment descriptor '/home/piusr/92032_CAN/RosMsg/install/rosmsg/share/rosmsg/hook/pythonpath.dsv'
[16.388s] INFO:colcon.colcon_core.shell:Creating environment hook '/home/piusr/92032_CAN/RosMsg/install/rosmsg/share/rosmsg/hook/pythonpath.sh'
[16.389s] Level 1:colcon.colcon_core.environment:checking '/home/piusr/92032_CAN/RosMsg/install/rosmsg/bin'
[16.390s] INFO:colcon.colcon_core.shell:Creating package script '/home/piusr/92032_CAN/RosMsg/install/rosmsg/share/rosmsg/package.ps1'
[16.391s] INFO:colcon.colcon_core.shell:Creating package descriptor '/home/piusr/92032_CAN/RosMsg/install/rosmsg/share/rosmsg/package.dsv'
[16.391s] INFO:colcon.colcon_core.shell:Creating package script '/home/piusr/92032_CAN/RosMsg/install/rosmsg/share/rosmsg/package.sh'
[16.392s] INFO:colcon.colcon_core.shell:Creating package script '/home/piusr/92032_CAN/RosMsg/install/rosmsg/share/rosmsg/package.bash'
[16.393s] INFO:colcon.colcon_core.shell:Creating package script '/home/piusr/92032_CAN/RosMsg/install/rosmsg/share/rosmsg/package.zsh'
[16.393s] Level 1:colcon.colcon_core.environment:create_file_with_runtime_dependencies(/home/piusr/92032_CAN/RosMsg/install/rosmsg/share/colcon-core/packages/rosmsg)
[16.394s] Level 1:colcon.colcon_core.environment:create_environment_scripts_only(rosmsg)
[16.394s] Level 1:colcon.colcon_core.environment:checking '/home/piusr/92032_CAN/RosMsg/install/rosmsg' for CMake module files
[16.395s] Level 1:colcon.colcon_core.environment:checking '/home/piusr/92032_CAN/RosMsg/install/rosmsg' for CMake config files
[16.396s] Level 1:colcon.colcon_core.shell:create_environment_hook('rosmsg', 'cmake_prefix_path')
[16.396s] INFO:colcon.colcon_core.shell:Creating environment hook '/home/piusr/92032_CAN/RosMsg/install/rosmsg/share/rosmsg/hook/cmake_prefix_path.ps1'
[16.396s] INFO:colcon.colcon_core.shell:Creating environment descriptor '/home/piusr/92032_CAN/RosMsg/install/rosmsg/share/rosmsg/hook/cmake_prefix_path.dsv'
[16.397s] INFO:colcon.colcon_core.shell:Creating environment hook '/home/piusr/92032_CAN/RosMsg/install/rosmsg/share/rosmsg/hook/cmake_prefix_path.sh'
[16.398s] Level 1:colcon.colcon_core.environment:checking '/home/piusr/92032_CAN/RosMsg/install/rosmsg/lib'
[16.398s] Level 1:colcon.colcon_core.shell:create_environment_hook('rosmsg', 'ld_library_path_lib')
[16.398s] INFO:colcon.colcon_core.shell:Creating environment hook '/home/piusr/92032_CAN/RosMsg/install/rosmsg/share/rosmsg/hook/ld_library_path_lib.ps1'
[16.399s] INFO:colcon.colcon_core.shell:Creating environment descriptor '/home/piusr/92032_CAN/RosMsg/install/rosmsg/share/rosmsg/hook/ld_library_path_lib.dsv'
[16.399s] INFO:colcon.colcon_core.shell:Creating environment hook '/home/piusr/92032_CAN/RosMsg/install/rosmsg/share/rosmsg/hook/ld_library_path_lib.sh'
[16.400s] Level 1:colcon.colcon_core.environment:checking '/home/piusr/92032_CAN/RosMsg/install/rosmsg/bin'
[16.400s] Level 1:colcon.colcon_core.environment:checking '/home/piusr/92032_CAN/RosMsg/install/rosmsg/lib/pkgconfig/rosmsg.pc'
[16.401s] Level 1:colcon.colcon_core.environment:checking '/home/piusr/92032_CAN/RosMsg/install/rosmsg/lib/python3.12/site-packages'
[16.401s] Level 1:colcon.colcon_core.shell:create_environment_hook('rosmsg', 'pythonpath')
[16.401s] INFO:colcon.colcon_core.shell:Creating environment hook '/home/piusr/92032_CAN/RosMsg/install/rosmsg/share/rosmsg/hook/pythonpath.ps1'
[16.401s] INFO:colcon.colcon_core.shell:Creating environment descriptor '/home/piusr/92032_CAN/RosMsg/install/rosmsg/share/rosmsg/hook/pythonpath.dsv'
[16.402s] INFO:colcon.colcon_core.shell:Creating environment hook '/home/piusr/92032_CAN/RosMsg/install/rosmsg/share/rosmsg/hook/pythonpath.sh'
[16.403s] Level 1:colcon.colcon_core.environment:checking '/home/piusr/92032_CAN/RosMsg/install/rosmsg/bin'
[16.404s] INFO:colcon.colcon_core.shell:Creating package script '/home/piusr/92032_CAN/RosMsg/install/rosmsg/share/rosmsg/package.ps1'
[16.404s] INFO:colcon.colcon_core.shell:Creating package descriptor '/home/piusr/92032_CAN/RosMsg/install/rosmsg/share/rosmsg/package.dsv'
[16.405s] INFO:colcon.colcon_core.shell:Creating package script '/home/piusr/92032_CAN/RosMsg/install/rosmsg/share/rosmsg/package.sh'
[16.406s] INFO:colcon.colcon_core.shell:Creating package script '/home/piusr/92032_CAN/RosMsg/install/rosmsg/share/rosmsg/package.bash'
[16.406s] INFO:colcon.colcon_core.shell:Creating package script '/home/piusr/92032_CAN/RosMsg/install/rosmsg/share/rosmsg/package.zsh'
[16.407s] Level 1:colcon.colcon_core.environment:create_file_with_runtime_dependencies(/home/piusr/92032_CAN/RosMsg/install/rosmsg/share/colcon-core/packages/rosmsg)
[16.408s] DEBUG:colcon.colcon_parallel_executor.executor.parallel:closing loop
[16.408s] DEBUG:colcon.colcon_parallel_executor.executor.parallel:loop closed
[16.408s] DEBUG:colcon.colcon_parallel_executor.executor.parallel:run_until_complete finished with '0'
[16.408s] DEBUG:colcon.colcon_core.event_reactor:joining thread
[16.422s] INFO:colcon.colcon_core.plugin_system:Skipping extension 'colcon_notification.desktop_notification.terminal_notifier': Not used on non-Darwin systems
[16.423s] INFO:colcon.colcon_core.plugin_system:Skipping extension 'colcon_notification.desktop_notification.win32': Not used on non-Windows systems
[16.423s] INFO:colcon.colcon_notification.desktop_notification:Sending desktop notification using 'notify2'
[16.456s] DEBUG:colcon.colcon_core.event_reactor:joined thread
[16.456s] INFO:colcon.colcon_core.shell:Creating prefix script '/home/piusr/92032_CAN/RosMsg/install/local_setup.ps1'
[16.457s] INFO:colcon.colcon_core.shell:Creating prefix util module '/home/piusr/92032_CAN/RosMsg/install/_local_setup_util_ps1.py'
[16.459s] INFO:colcon.colcon_core.shell:Creating prefix chain script '/home/piusr/92032_CAN/RosMsg/install/setup.ps1'
[16.460s] INFO:colcon.colcon_core.shell:Creating prefix script '/home/piusr/92032_CAN/RosMsg/install/local_setup.sh'
[16.461s] INFO:colcon.colcon_core.shell:Creating prefix util module '/home/piusr/92032_CAN/RosMsg/install/_local_setup_util_sh.py'
[16.462s] INFO:colcon.colcon_core.shell:Creating prefix chain script '/home/piusr/92032_CAN/RosMsg/install/setup.sh'
[16.464s] INFO:colcon.colcon_core.shell:Creating prefix script '/home/piusr/92032_CAN/RosMsg/install/local_setup.bash'
[16.464s] INFO:colcon.colcon_core.shell:Creating prefix chain script '/home/piusr/92032_CAN/RosMsg/install/setup.bash'
[16.465s] INFO:colcon.colcon_core.shell:Creating prefix script '/home/piusr/92032_CAN/RosMsg/install/local_setup.zsh'
[16.466s] INFO:colcon.colcon_core.shell:Creating prefix chain script '/home/piusr/92032_CAN/RosMsg/install/setup.zsh'
