-- The C compiler identification is GNU 13.3.0
-- The CXX compiler identification is GNU 13.3.0
-- Detecting C compiler ABI info
-- Detecting C compiler ABI info - done
-- Check for working C compiler: /usr/bin/cc - skipped
-- Detecting C compile features
-- Detecting C compile features - done
-- Detecting CXX compiler ABI info
-- Detecting CXX compiler ABI info - done
-- Check for working CXX compiler: /usr/bin/c++ - skipped
-- Detecting CXX compile features
-- Detecting CXX compile features - done
-- Found ament_cmake: 2.5.4 (/opt/ros/jazzy/share/ament_cmake/cmake)
-- Found Python3: /usr/bin/python3 (found version "3.12.3") found components: Interpreter 
-- Found rclcpp: 28.1.13 (/opt/ros/jazzy/share/rclcpp/cmake)
-- Found rosidl_generator_c: 4.6.6 (/opt/ros/jazzy/share/rosidl_generator_c/cmake)
-- Found rosidl_generator_cpp: 4.6.6 (/opt/ros/jazzy/share/rosidl_generator_cpp/cmake)
-- Using all available rosidl_typesupport_c: rosidl_typesupport_fastrtps_c;rosidl_typesupport_introspection_c
-- Using all available rosidl_typesupport_cpp: rosidl_typesupport_fastrtps_cpp;rosidl_typesupport_introspection_cpp
-- Found rmw_implementation_cmake: 7.3.2 (/opt/ros/jazzy/share/rmw_implementation_cmake/cmake)
-- Found rmw_fastrtps_cpp: 8.4.3 (/opt/ros/jazzy/share/rmw_fastrtps_cpp/cmake)
-- Found OpenSSL: /usr/lib/aarch64-linux-gnu/libcrypto.so (found version "3.0.13")  
-- Found FastRTPS: /opt/ros/jazzy/include (Required is at least version "2.13") 
-- Using RMW implementation 'rmw_fastrtps_cpp' as default
-- Found rosidl_default_generators: 1.6.0 (/opt/ros/jazzy/share/rosidl_default_generators/cmake)
-- Found rosidl_adapter: 4.6.6 (/opt/ros/jazzy/share/rosidl_adapter/cmake)
-- Found ament_cmake_ros: 0.12.0 (/opt/ros/jazzy/share/ament_cmake_ros/cmake)
-- Using all available rosidl_typesupport_c: rosidl_typesupport_fastrtps_c;rosidl_typesupport_introspection_c
-- Using all available rosidl_typesupport_cpp: rosidl_typesupport_fastrtps_cpp;rosidl_typesupport_introspection_cpp
-- Found python_cmake_module: 0.11.1 (/opt/ros/jazzy/share/python_cmake_module/cmake)
-- Found PythonExtra: /usr/bin/python3  
-- Found Python3: /usr/bin/python3 (found version "3.12.3") found components: Interpreter Development NumPy Development.Module Development.Embed 
-- Found ament_lint_auto: 0.17.3 (/opt/ros/jazzy/share/ament_lint_auto/cmake)
-- Added test 'lint_cmake' to check CMake code style
-- Added test 'xmllint' to check XML markup files
-- Configuring done (5.2s)
-- Generating done (0.0s)
-- Build files have been written to: /home/piusr/92032_CAN/RosMsg/build/rosmsg
[  1%] [34m[1mGenerating type hashes for ROS interfaces[0m
[  1%] Built target ament_cmake_python_copy_rosmsg
running egg_info
creating rosmsg.egg-info
writing rosmsg.egg-info/PKG-INFO
writing dependency_links to rosmsg.egg-info/dependency_links.txt
writing top-level names to rosmsg.egg-info/top_level.txt
writing manifest file 'rosmsg.egg-info/SOURCES.txt'
[  1%] Built target rosmsg__rosidl_generator_type_description
[  2%] [34m[1mGenerating C code for ROS interfaces[0m
reading manifest file 'rosmsg.egg-info/SOURCES.txt'
[  4%] [34m[1mGenerating C++ code for ROS interfaces[0m
writing manifest file 'rosmsg.egg-info/SOURCES.txt'
[  4%] Built target ament_cmake_python_build_rosmsg_egg
[  4%] Built target rosmsg__cpp
[  8%] [32mBuilding C object CMakeFiles/rosmsg__rosidl_generator_c.dir/rosidl_generator_c/rosmsg/msg/detail/ros_can_motor_tgt__description.c.o[0m
[  8%] [32mBuilding C object CMakeFiles/rosmsg__rosidl_generator_c.dir/rosidl_generator_c/rosmsg/msg/detail/ros_can_motor_sta__type_support.c.o[0m
[  8%] [32mBuilding C object CMakeFiles/rosmsg__rosidl_generator_c.dir/rosidl_generator_c/rosmsg/msg/detail/ros_can_motor_sta__description.c.o[0m
[  9%] [32mBuilding C object CMakeFiles/rosmsg__rosidl_generator_c.dir/rosidl_generator_c/rosmsg/msg/detail/ros_can_motor_sta__functions.c.o[0m
[ 10%] [32mBuilding C object CMakeFiles/rosmsg__rosidl_generator_c.dir/rosidl_generator_c/rosmsg/msg/detail/ros_can_motor_tgt__functions.c.o[0m
[ 12%] [32mBuilding C object CMakeFiles/rosmsg__rosidl_generator_c.dir/rosidl_generator_c/rosmsg/msg/detail/ros_can_motor_tgt__type_support.c.o[0m
[ 13%] [32mBuilding C object CMakeFiles/rosmsg__rosidl_generator_c.dir/rosidl_generator_c/rosmsg/msg/detail/ros_can_imu_msg__description.c.o[0m
[ 14%] [32mBuilding C object CMakeFiles/rosmsg__rosidl_generator_c.dir/rosidl_generator_c/rosmsg/msg/detail/ros_can_imu_msg__functions.c.o[0m
[ 16%] [32mBuilding C object CMakeFiles/rosmsg__rosidl_generator_c.dir/rosidl_generator_c/rosmsg/msg/detail/ros_can_imu_msg__type_support.c.o[0m
[ 17%] [32mBuilding C object CMakeFiles/rosmsg__rosidl_generator_c.dir/rosidl_generator_c/rosmsg/msg/detail/motor_input_msg__description.c.o[0m
[ 18%] [32mBuilding C object CMakeFiles/rosmsg__rosidl_generator_c.dir/rosidl_generator_c/rosmsg/msg/detail/motor_input_msg__functions.c.o[0m
[ 21%] [32mBuilding C object CMakeFiles/rosmsg__rosidl_generator_c.dir/rosidl_generator_c/rosmsg/msg/detail/motor_output_msg__description.c.o[0m
[ 21%] [32mBuilding C object CMakeFiles/rosmsg__rosidl_generator_c.dir/rosidl_generator_c/rosmsg/msg/detail/motor_input_msg__type_support.c.o[0m
[ 22%] [32mBuilding C object CMakeFiles/rosmsg__rosidl_generator_c.dir/rosidl_generator_c/rosmsg/msg/detail/motor_output_msg__functions.c.o[0m
[ 24%] [32mBuilding C object CMakeFiles/rosmsg__rosidl_generator_c.dir/rosidl_generator_c/rosmsg/msg/detail/motor_output_msg__type_support.c.o[0m
[ 25%] [32m[1mLinking C shared library librosmsg__rosidl_generator_c.so[0m
[ 25%] Built target rosmsg__rosidl_generator_c
[ 28%] [34m[1mGenerating C type support for eProsima Fast-RTPS[0m
[ 28%] [34m[1mGenerating C introspection for ROS interfaces[0m
[ 29%] [34m[1mGenerating C++ type support dispatch for ROS interfaces[0m
[ 31%] [34m[1mGenerating C++ type support for eProsima Fast-RTPS[0m
[ 32%] [32mBuilding CXX object CMakeFiles/rosmsg__rosidl_typesupport_cpp.dir/rosidl_typesupport_cpp/rosmsg/msg/ros_can_motor_sta__type_support.cpp.o[0m
[ 33%] [32mBuilding C object CMakeFiles/rosmsg__rosidl_typesupport_introspection_c.dir/rosidl_typesupport_introspection_c/rosmsg/msg/detail/ros_can_motor_sta__type_support.c.o[0m
[ 35%] [32mBuilding C object CMakeFiles/rosmsg__rosidl_typesupport_introspection_c.dir/rosidl_typesupport_introspection_c/rosmsg/msg/detail/ros_can_motor_tgt__type_support.c.o[0m
[ 36%] [32mBuilding C object CMakeFiles/rosmsg__rosidl_typesupport_introspection_c.dir/rosidl_typesupport_introspection_c/rosmsg/msg/detail/ros_can_imu_msg__type_support.c.o[0m
[ 37%] [32mBuilding CXX object CMakeFiles/rosmsg__rosidl_typesupport_fastrtps_cpp.dir/rosidl_typesupport_fastrtps_cpp/rosmsg/msg/detail/dds_fastrtps/ros_can_motor_sta__type_support.cpp.o[0m
[ 39%] [32mBuilding CXX object CMakeFiles/rosmsg__rosidl_typesupport_fastrtps_c.dir/rosidl_typesupport_fastrtps_c/rosmsg/msg/detail/ros_can_motor_sta__type_support_c.cpp.o[0m
[ 40%] [32mBuilding C object CMakeFiles/rosmsg__rosidl_typesupport_introspection_c.dir/rosidl_typesupport_introspection_c/rosmsg/msg/detail/motor_input_msg__type_support.c.o[0m
[ 41%] [32mBuilding C object CMakeFiles/rosmsg__rosidl_typesupport_introspection_c.dir/rosidl_typesupport_introspection_c/rosmsg/msg/detail/motor_output_msg__type_support.c.o[0m
[ 43%] [32m[1mLinking C shared library librosmsg__rosidl_typesupport_introspection_c.so[0m
[ 43%] Built target rosmsg__rosidl_typesupport_introspection_c
[ 44%] [32mBuilding CXX object CMakeFiles/rosmsg__rosidl_typesupport_fastrtps_c.dir/rosidl_typesupport_fastrtps_c/rosmsg/msg/detail/ros_can_motor_tgt__type_support_c.cpp.o[0m
[ 45%] [32mBuilding CXX object CMakeFiles/rosmsg__rosidl_typesupport_cpp.dir/rosidl_typesupport_cpp/rosmsg/msg/ros_can_motor_tgt__type_support.cpp.o[0m
[ 47%] [34m[1mGenerating C type support dispatch for ROS interfaces[0m
[ 48%] [32mBuilding CXX object CMakeFiles/rosmsg__rosidl_typesupport_fastrtps_cpp.dir/rosidl_typesupport_fastrtps_cpp/rosmsg/msg/detail/dds_fastrtps/ros_can_motor_tgt__type_support.cpp.o[0m
[ 50%] [32mBuilding CXX object CMakeFiles/rosmsg__rosidl_typesupport_cpp.dir/rosidl_typesupport_cpp/rosmsg/msg/ros_can_imu_msg__type_support.cpp.o[0m
[ 51%] [32mBuilding CXX object CMakeFiles/rosmsg__rosidl_typesupport_fastrtps_c.dir/rosidl_typesupport_fastrtps_c/rosmsg/msg/detail/ros_can_imu_msg__type_support_c.cpp.o[0m
[ 52%] [32mBuilding CXX object CMakeFiles/rosmsg__rosidl_typesupport_c.dir/rosidl_typesupport_c/rosmsg/msg/ros_can_motor_sta__type_support.cpp.o[0m
[ 54%] [32mBuilding CXX object CMakeFiles/rosmsg__rosidl_typesupport_cpp.dir/rosidl_typesupport_cpp/rosmsg/msg/motor_input_msg__type_support.cpp.o[0m
[ 55%] [32mBuilding CXX object CMakeFiles/rosmsg__rosidl_typesupport_c.dir/rosidl_typesupport_c/rosmsg/msg/ros_can_motor_tgt__type_support.cpp.o[0m
[ 56%] [32mBuilding CXX object CMakeFiles/rosmsg__rosidl_typesupport_c.dir/rosidl_typesupport_c/rosmsg/msg/ros_can_imu_msg__type_support.cpp.o[0m
[ 58%] [32mBuilding CXX object CMakeFiles/rosmsg__rosidl_typesupport_c.dir/rosidl_typesupport_c/rosmsg/msg/motor_input_msg__type_support.cpp.o[0m
[ 59%] [32mBuilding CXX object CMakeFiles/rosmsg__rosidl_typesupport_c.dir/rosidl_typesupport_c/rosmsg/msg/motor_output_msg__type_support.cpp.o[0m
[ 60%] [32mBuilding CXX object CMakeFiles/rosmsg__rosidl_typesupport_fastrtps_cpp.dir/rosidl_typesupport_fastrtps_cpp/rosmsg/msg/detail/dds_fastrtps/ros_can_imu_msg__type_support.cpp.o[0m
[ 62%] [32m[1mLinking CXX shared library librosmsg__rosidl_typesupport_c.so[0m
[ 62%] Built target rosmsg__rosidl_typesupport_c
[ 63%] [32mBuilding CXX object CMakeFiles/rosmsg__rosidl_typesupport_cpp.dir/rosidl_typesupport_cpp/rosmsg/msg/motor_output_msg__type_support.cpp.o[0m
[ 64%] [32mBuilding CXX object CMakeFiles/rosmsg__rosidl_typesupport_fastrtps_c.dir/rosidl_typesupport_fastrtps_c/rosmsg/msg/detail/motor_input_msg__type_support_c.cpp.o[0m
[ 66%] [34m[1mGenerating C++ introspection for ROS interfaces[0m
[ 67%] [32m[1mLinking CXX shared library librosmsg__rosidl_typesupport_cpp.so[0m
[ 67%] Built target rosmsg__rosidl_typesupport_cpp
[ 68%] [32mBuilding CXX object CMakeFiles/rosmsg__rosidl_typesupport_fastrtps_cpp.dir/rosidl_typesupport_fastrtps_cpp/rosmsg/msg/detail/dds_fastrtps/motor_input_msg__type_support.cpp.o[0m
[ 70%] [32mBuilding CXX object CMakeFiles/rosmsg__rosidl_typesupport_fastrtps_cpp.dir/rosidl_typesupport_fastrtps_cpp/rosmsg/msg/detail/dds_fastrtps/motor_output_msg__type_support.cpp.o[0m
[ 71%] [32mBuilding CXX object CMakeFiles/rosmsg__rosidl_typesupport_introspection_cpp.dir/rosidl_typesupport_introspection_cpp/rosmsg/msg/detail/ros_can_motor_sta__type_support.cpp.o[0m
[ 72%] [32mBuilding CXX object CMakeFiles/rosmsg__rosidl_typesupport_fastrtps_c.dir/rosidl_typesupport_fastrtps_c/rosmsg/msg/detail/motor_output_msg__type_support_c.cpp.o[0m
[ 74%] [32mBuilding CXX object CMakeFiles/rosmsg__rosidl_typesupport_introspection_cpp.dir/rosidl_typesupport_introspection_cpp/rosmsg/msg/detail/ros_can_motor_tgt__type_support.cpp.o[0m
[ 75%] [32mBuilding CXX object CMakeFiles/rosmsg__rosidl_typesupport_introspection_cpp.dir/rosidl_typesupport_introspection_cpp/rosmsg/msg/detail/ros_can_imu_msg__type_support.cpp.o[0m
[ 77%] [32m[1mLinking CXX shared library librosmsg__rosidl_typesupport_fastrtps_cpp.so[0m
[ 77%] Built target rosmsg__rosidl_typesupport_fastrtps_cpp
[ 78%] [32mBuilding CXX object CMakeFiles/rosmsg__rosidl_typesupport_introspection_cpp.dir/rosidl_typesupport_introspection_cpp/rosmsg/msg/detail/motor_input_msg__type_support.cpp.o[0m
[ 79%] [32m[1mLinking CXX shared library librosmsg__rosidl_typesupport_fastrtps_c.so[0m
[ 79%] Built target rosmsg__rosidl_typesupport_fastrtps_c
[ 81%] [32mBuilding CXX object CMakeFiles/rosmsg__rosidl_typesupport_introspection_cpp.dir/rosidl_typesupport_introspection_cpp/rosmsg/msg/detail/motor_output_msg__type_support.cpp.o[0m
[ 82%] [32m[1mLinking CXX shared library librosmsg__rosidl_typesupport_introspection_cpp.so[0m
[ 82%] Built target rosmsg__rosidl_typesupport_introspection_cpp
[ 82%] Built target rosmsg
[ 83%] [34m[1mGenerating Python code for ROS interfaces[0m
[ 83%] Built target rosmsg__py
[ 86%] [32mBuilding C object CMakeFiles/rosmsg__rosidl_generator_py.dir/rosidl_generator_py/rosmsg/msg/_ros_can_motor_tgt_s.c.o[0m
[ 86%] [32mBuilding C object CMakeFiles/rosmsg__rosidl_generator_py.dir/rosidl_generator_py/rosmsg/msg/_ros_can_motor_sta_s.c.o[0m
[ 87%] [32mBuilding C object CMakeFiles/rosmsg__rosidl_generator_py.dir/rosidl_generator_py/rosmsg/msg/_motor_input_msg_s.c.o[0m
[ 89%] [32mBuilding C object CMakeFiles/rosmsg__rosidl_generator_py.dir/rosidl_generator_py/rosmsg/msg/_ros_can_imu_msg_s.c.o[0m
[ 90%] [32mBuilding C object CMakeFiles/rosmsg__rosidl_generator_py.dir/rosidl_generator_py/rosmsg/msg/_motor_output_msg_s.c.o[0m
[ 91%] [32m[1mLinking C shared library librosmsg__rosidl_generator_py.so[0m
[ 91%] Built target rosmsg__rosidl_generator_py
[ 95%] [32mBuilding C object CMakeFiles/rosmsg_s__rosidl_typesupport_introspection_c.dir/rosidl_generator_py/rosmsg/_rosmsg_s.ep.rosidl_typesupport_introspection_c.c.o[0m
[ 95%] [32mBuilding C object CMakeFiles/rosmsg_s__rosidl_typesupport_fastrtps_c.dir/rosidl_generator_py/rosmsg/_rosmsg_s.ep.rosidl_typesupport_fastrtps_c.c.o[0m
[ 95%] [32mBuilding C object CMakeFiles/rosmsg_s__rosidl_typesupport_c.dir/rosidl_generator_py/rosmsg/_rosmsg_s.ep.rosidl_typesupport_c.c.o[0m
[ 97%] [32m[1mLinking C shared module rosidl_generator_py/rosmsg/rosmsg_s__rosidl_typesupport_c.so[0m
[ 98%] [32m[1mLinking C shared module rosidl_generator_py/rosmsg/rosmsg_s__rosidl_typesupport_introspection_c.so[0m
[100%] [32m[1mLinking C shared module rosidl_generator_py/rosmsg/rosmsg_s__rosidl_typesupport_fastrtps_c.so[0m
[100%] Built target rosmsg_s__rosidl_typesupport_introspection_c
[100%] Built target rosmsg_s__rosidl_typesupport_c
[100%] Built target rosmsg_s__rosidl_typesupport_fastrtps_c
-- Install configuration: ""
-- Installing: /home/piusr/92032_CAN/RosMsg/install/rosmsg/share/ament_index/resource_index/rosidl_interfaces/rosmsg
-- Installing: /home/piusr/92032_CAN/RosMsg/install/rosmsg/share/rosmsg/msg/RosCanMotorSta.json
-- Installing: /home/piusr/92032_CAN/RosMsg/install/rosmsg/share/rosmsg/msg/RosCanMotorTgt.json
-- Installing: /home/piusr/92032_CAN/RosMsg/install/rosmsg/share/rosmsg/msg/RosCanImuMsg.json
-- Installing: /home/piusr/92032_CAN/RosMsg/install/rosmsg/share/rosmsg/msg/MotorInputMsg.json
-- Installing: /home/piusr/92032_CAN/RosMsg/install/rosmsg/share/rosmsg/msg/MotorOutputMsg.json
-- Installing: /home/piusr/92032_CAN/RosMsg/install/rosmsg/include/rosmsg/rosmsg
-- Installing: /home/piusr/92032_CAN/RosMsg/install/rosmsg/include/rosmsg/rosmsg/msg
-- Installing: /home/piusr/92032_CAN/RosMsg/install/rosmsg/include/rosmsg/rosmsg/msg/ros_can_motor_tgt.h
-- Installing: /home/piusr/92032_CAN/RosMsg/install/rosmsg/include/rosmsg/rosmsg/msg/motor_output_msg.h
-- Installing: /home/piusr/92032_CAN/RosMsg/install/rosmsg/include/rosmsg/rosmsg/msg/rosidl_generator_c__visibility_control.h
-- Installing: /home/piusr/92032_CAN/RosMsg/install/rosmsg/include/rosmsg/rosmsg/msg/motor_input_msg.h
-- Installing: /home/piusr/92032_CAN/RosMsg/install/rosmsg/include/rosmsg/rosmsg/msg/ros_can_motor_sta.h
-- Installing: /home/piusr/92032_CAN/RosMsg/install/rosmsg/include/rosmsg/rosmsg/msg/detail
-- Installing: /home/piusr/92032_CAN/RosMsg/install/rosmsg/include/rosmsg/rosmsg/msg/detail/ros_can_motor_sta__functions.h
-- Installing: /home/piusr/92032_CAN/RosMsg/install/rosmsg/include/rosmsg/rosmsg/msg/detail/ros_can_imu_msg__functions.h
-- Installing: /home/piusr/92032_CAN/RosMsg/install/rosmsg/include/rosmsg/rosmsg/msg/detail/ros_can_imu_msg__struct.h
-- Installing: /home/piusr/92032_CAN/RosMsg/install/rosmsg/include/rosmsg/rosmsg/msg/detail/motor_input_msg__type_support.h
-- Installing: /home/piusr/92032_CAN/RosMsg/install/rosmsg/include/rosmsg/rosmsg/msg/detail/ros_can_motor_tgt__functions.c
-- Installing: /home/piusr/92032_CAN/RosMsg/install/rosmsg/include/rosmsg/rosmsg/msg/detail/motor_output_msg__functions.c
-- Installing: /home/piusr/92032_CAN/RosMsg/install/rosmsg/include/rosmsg/rosmsg/msg/detail/motor_output_msg__type_support.h
-- Installing: /home/piusr/92032_CAN/RosMsg/install/rosmsg/include/rosmsg/rosmsg/msg/detail/ros_can_motor_tgt__functions.h
-- Installing: /home/piusr/92032_CAN/RosMsg/install/rosmsg/include/rosmsg/rosmsg/msg/detail/motor_output_msg__functions.h
-- Installing: /home/piusr/92032_CAN/RosMsg/install/rosmsg/include/rosmsg/rosmsg/msg/detail/ros_can_motor_tgt__struct.h
-- Installing: /home/piusr/92032_CAN/RosMsg/install/rosmsg/include/rosmsg/rosmsg/msg/detail/ros_can_motor_sta__description.c
-- Installing: /home/piusr/92032_CAN/RosMsg/install/rosmsg/include/rosmsg/rosmsg/msg/detail/motor_output_msg__description.c
-- Installing: /home/piusr/92032_CAN/RosMsg/install/rosmsg/include/rosmsg/rosmsg/msg/detail/ros_can_motor_sta__functions.c
-- Installing: /home/piusr/92032_CAN/RosMsg/install/rosmsg/include/rosmsg/rosmsg/msg/detail/ros_can_imu_msg__type_support.h
-- Installing: /home/piusr/92032_CAN/RosMsg/install/rosmsg/include/rosmsg/rosmsg/msg/detail/motor_input_msg__description.c
-- Installing: /home/piusr/92032_CAN/RosMsg/install/rosmsg/include/rosmsg/rosmsg/msg/detail/ros_can_motor_sta__type_support.c
-- Installing: /home/piusr/92032_CAN/RosMsg/install/rosmsg/include/rosmsg/rosmsg/msg/detail/ros_can_imu_msg__description.c
-- Installing: /home/piusr/92032_CAN/RosMsg/install/rosmsg/include/rosmsg/rosmsg/msg/detail/ros_can_motor_tgt__type_support.c
-- Installing: /home/piusr/92032_CAN/RosMsg/install/rosmsg/include/rosmsg/rosmsg/msg/detail/motor_output_msg__type_support.c
-- Installing: /home/piusr/92032_CAN/RosMsg/install/rosmsg/include/rosmsg/rosmsg/msg/detail/ros_can_imu_msg__type_support.c
-- Installing: /home/piusr/92032_CAN/RosMsg/install/rosmsg/include/rosmsg/rosmsg/msg/detail/ros_can_motor_tgt__description.c
-- Installing: /home/piusr/92032_CAN/RosMsg/install/rosmsg/include/rosmsg/rosmsg/msg/detail/motor_input_msg__functions.h
-- Installing: /home/piusr/92032_CAN/RosMsg/install/rosmsg/include/rosmsg/rosmsg/msg/detail/ros_can_motor_sta__struct.h
-- Installing: /home/piusr/92032_CAN/RosMsg/install/rosmsg/include/rosmsg/rosmsg/msg/detail/ros_can_motor_sta__type_support.h
-- Installing: /home/piusr/92032_CAN/RosMsg/install/rosmsg/include/rosmsg/rosmsg/msg/detail/ros_can_imu_msg__functions.c
-- Installing: /home/piusr/92032_CAN/RosMsg/install/rosmsg/include/rosmsg/rosmsg/msg/detail/motor_output_msg__struct.h
-- Installing: /home/piusr/92032_CAN/RosMsg/install/rosmsg/include/rosmsg/rosmsg/msg/detail/motor_input_msg__type_support.c
-- Installing: /home/piusr/92032_CAN/RosMsg/install/rosmsg/include/rosmsg/rosmsg/msg/detail/motor_input_msg__struct.h
-- Installing: /home/piusr/92032_CAN/RosMsg/install/rosmsg/include/rosmsg/rosmsg/msg/detail/ros_can_motor_tgt__type_support.h
-- Installing: /home/piusr/92032_CAN/RosMsg/install/rosmsg/include/rosmsg/rosmsg/msg/detail/motor_input_msg__functions.c
-- Installing: /home/piusr/92032_CAN/RosMsg/install/rosmsg/include/rosmsg/rosmsg/msg/ros_can_imu_msg.h
-- Installing: /home/piusr/92032_CAN/RosMsg/install/rosmsg/share/rosmsg/environment/library_path.sh
-- Installing: /home/piusr/92032_CAN/RosMsg/install/rosmsg/share/rosmsg/environment/library_path.dsv
-- Installing: /home/piusr/92032_CAN/RosMsg/install/rosmsg/lib/librosmsg__rosidl_generator_c.so
-- Set non-toolchain portion of runtime path of "/home/piusr/92032_CAN/RosMsg/install/rosmsg/lib/librosmsg__rosidl_generator_c.so" to ""
-- Up-to-date: /home/piusr/92032_CAN/RosMsg/install/rosmsg/include/rosmsg/rosmsg
-- Up-to-date: /home/piusr/92032_CAN/RosMsg/install/rosmsg/include/rosmsg/rosmsg/msg
-- Installing: /home/piusr/92032_CAN/RosMsg/install/rosmsg/include/rosmsg/rosmsg/msg/rosidl_typesupport_fastrtps_c__visibility_control.h
-- Up-to-date: /home/piusr/92032_CAN/RosMsg/install/rosmsg/include/rosmsg/rosmsg/msg/detail
-- Installing: /home/piusr/92032_CAN/RosMsg/install/rosmsg/include/rosmsg/rosmsg/msg/detail/motor_input_msg__rosidl_typesupport_fastrtps_c.h
-- Installing: /home/piusr/92032_CAN/RosMsg/install/rosmsg/include/rosmsg/rosmsg/msg/detail/ros_can_imu_msg__rosidl_typesupport_fastrtps_c.h
-- Installing: /home/piusr/92032_CAN/RosMsg/install/rosmsg/include/rosmsg/rosmsg/msg/detail/motor_output_msg__rosidl_typesupport_fastrtps_c.h
-- Installing: /home/piusr/92032_CAN/RosMsg/install/rosmsg/include/rosmsg/rosmsg/msg/detail/ros_can_motor_tgt__rosidl_typesupport_fastrtps_c.h
-- Installing: /home/piusr/92032_CAN/RosMsg/install/rosmsg/include/rosmsg/rosmsg/msg/detail/ros_can_motor_sta__rosidl_typesupport_fastrtps_c.h
-- Installing: /home/piusr/92032_CAN/RosMsg/install/rosmsg/lib/librosmsg__rosidl_typesupport_fastrtps_c.so
-- Set non-toolchain portion of runtime path of "/home/piusr/92032_CAN/RosMsg/install/rosmsg/lib/librosmsg__rosidl_typesupport_fastrtps_c.so" to ""
-- Up-to-date: /home/piusr/92032_CAN/RosMsg/install/rosmsg/include/rosmsg/rosmsg
-- Up-to-date: /home/piusr/92032_CAN/RosMsg/install/rosmsg/include/rosmsg/rosmsg/msg
-- Installing: /home/piusr/92032_CAN/RosMsg/install/rosmsg/include/rosmsg/rosmsg/msg/ros_can_motor_tgt.hpp
-- Installing: /home/piusr/92032_CAN/RosMsg/install/rosmsg/include/rosmsg/rosmsg/msg/rosidl_generator_cpp__visibility_control.hpp
-- Installing: /home/piusr/92032_CAN/RosMsg/install/rosmsg/include/rosmsg/rosmsg/msg/ros_can_motor_sta.hpp
-- Installing: /home/piusr/92032_CAN/RosMsg/install/rosmsg/include/rosmsg/rosmsg/msg/ros_can_imu_msg.hpp
-- Installing: /home/piusr/92032_CAN/RosMsg/install/rosmsg/include/rosmsg/rosmsg/msg/motor_output_msg.hpp
-- Up-to-date: /home/piusr/92032_CAN/RosMsg/install/rosmsg/include/rosmsg/rosmsg/msg/detail
-- Installing: /home/piusr/92032_CAN/RosMsg/install/rosmsg/include/rosmsg/rosmsg/msg/detail/ros_can_motor_tgt__builder.hpp
-- Installing: /home/piusr/92032_CAN/RosMsg/install/rosmsg/include/rosmsg/rosmsg/msg/detail/ros_can_motor_tgt__struct.hpp
-- Installing: /home/piusr/92032_CAN/RosMsg/install/rosmsg/include/rosmsg/rosmsg/msg/detail/motor_input_msg__struct.hpp
-- Installing: /home/piusr/92032_CAN/RosMsg/install/rosmsg/include/rosmsg/rosmsg/msg/detail/ros_can_motor_sta__type_support.hpp
-- Installing: /home/piusr/92032_CAN/RosMsg/install/rosmsg/include/rosmsg/rosmsg/msg/detail/motor_output_msg__traits.hpp
-- Installing: /home/piusr/92032_CAN/RosMsg/install/rosmsg/include/rosmsg/rosmsg/msg/detail/ros_can_imu_msg__struct.hpp
-- Installing: /home/piusr/92032_CAN/RosMsg/install/rosmsg/include/rosmsg/rosmsg/msg/detail/motor_input_msg__builder.hpp
-- Installing: /home/piusr/92032_CAN/RosMsg/install/rosmsg/include/rosmsg/rosmsg/msg/detail/ros_can_imu_msg__type_support.hpp
-- Installing: /home/piusr/92032_CAN/RosMsg/install/rosmsg/include/rosmsg/rosmsg/msg/detail/ros_can_motor_tgt__traits.hpp
-- Installing: /home/piusr/92032_CAN/RosMsg/install/rosmsg/include/rosmsg/rosmsg/msg/detail/ros_can_imu_msg__builder.hpp
-- Installing: /home/piusr/92032_CAN/RosMsg/install/rosmsg/include/rosmsg/rosmsg/msg/detail/motor_output_msg__type_support.hpp
-- Installing: /home/piusr/92032_CAN/RosMsg/install/rosmsg/include/rosmsg/rosmsg/msg/detail/motor_output_msg__struct.hpp
-- Installing: /home/piusr/92032_CAN/RosMsg/install/rosmsg/include/rosmsg/rosmsg/msg/detail/motor_input_msg__type_support.hpp
-- Installing: /home/piusr/92032_CAN/RosMsg/install/rosmsg/include/rosmsg/rosmsg/msg/detail/ros_can_motor_sta__builder.hpp
-- Installing: /home/piusr/92032_CAN/RosMsg/install/rosmsg/include/rosmsg/rosmsg/msg/detail/ros_can_imu_msg__traits.hpp
-- Installing: /home/piusr/92032_CAN/RosMsg/install/rosmsg/include/rosmsg/rosmsg/msg/detail/ros_can_motor_sta__traits.hpp
-- Installing: /home/piusr/92032_CAN/RosMsg/install/rosmsg/include/rosmsg/rosmsg/msg/detail/ros_can_motor_tgt__type_support.hpp
-- Installing: /home/piusr/92032_CAN/RosMsg/install/rosmsg/include/rosmsg/rosmsg/msg/detail/motor_input_msg__traits.hpp
-- Installing: /home/piusr/92032_CAN/RosMsg/install/rosmsg/include/rosmsg/rosmsg/msg/detail/motor_output_msg__builder.hpp
-- Installing: /home/piusr/92032_CAN/RosMsg/install/rosmsg/include/rosmsg/rosmsg/msg/detail/ros_can_motor_sta__struct.hpp
-- Installing: /home/piusr/92032_CAN/RosMsg/install/rosmsg/include/rosmsg/rosmsg/msg/motor_input_msg.hpp
-- Up-to-date: /home/piusr/92032_CAN/RosMsg/install/rosmsg/include/rosmsg/rosmsg
-- Up-to-date: /home/piusr/92032_CAN/RosMsg/install/rosmsg/include/rosmsg/rosmsg/msg
-- Installing: /home/piusr/92032_CAN/RosMsg/install/rosmsg/include/rosmsg/rosmsg/msg/rosidl_typesupport_fastrtps_cpp__visibility_control.h
-- Up-to-date: /home/piusr/92032_CAN/RosMsg/install/rosmsg/include/rosmsg/rosmsg/msg/detail
-- Installing: /home/piusr/92032_CAN/RosMsg/install/rosmsg/include/rosmsg/rosmsg/msg/detail/ros_can_motor_tgt__rosidl_typesupport_fastrtps_cpp.hpp
-- Installing: /home/piusr/92032_CAN/RosMsg/install/rosmsg/include/rosmsg/rosmsg/msg/detail/motor_output_msg__rosidl_typesupport_fastrtps_cpp.hpp
-- Installing: /home/piusr/92032_CAN/RosMsg/install/rosmsg/include/rosmsg/rosmsg/msg/detail/ros_can_motor_sta__rosidl_typesupport_fastrtps_cpp.hpp
-- Installing: /home/piusr/92032_CAN/RosMsg/install/rosmsg/include/rosmsg/rosmsg/msg/detail/dds_fastrtps
-- Installing: /home/piusr/92032_CAN/RosMsg/install/rosmsg/include/rosmsg/rosmsg/msg/detail/motor_input_msg__rosidl_typesupport_fastrtps_cpp.hpp
-- Installing: /home/piusr/92032_CAN/RosMsg/install/rosmsg/include/rosmsg/rosmsg/msg/detail/ros_can_imu_msg__rosidl_typesupport_fastrtps_cpp.hpp
-- Installing: /home/piusr/92032_CAN/RosMsg/install/rosmsg/lib/librosmsg__rosidl_typesupport_fastrtps_cpp.so
-- Set non-toolchain portion of runtime path of "/home/piusr/92032_CAN/RosMsg/install/rosmsg/lib/librosmsg__rosidl_typesupport_fastrtps_cpp.so" to ""
-- Up-to-date: /home/piusr/92032_CAN/RosMsg/install/rosmsg/include/rosmsg/rosmsg
-- Up-to-date: /home/piusr/92032_CAN/RosMsg/install/rosmsg/include/rosmsg/rosmsg/msg
-- Installing: /home/piusr/92032_CAN/RosMsg/install/rosmsg/include/rosmsg/rosmsg/msg/rosidl_typesupport_introspection_c__visibility_control.h
-- Up-to-date: /home/piusr/92032_CAN/RosMsg/install/rosmsg/include/rosmsg/rosmsg/msg/detail
-- Installing: /home/piusr/92032_CAN/RosMsg/install/rosmsg/include/rosmsg/rosmsg/msg/detail/ros_can_imu_msg__rosidl_typesupport_introspection_c.h
-- Installing: /home/piusr/92032_CAN/RosMsg/install/rosmsg/include/rosmsg/rosmsg/msg/detail/ros_can_motor_tgt__rosidl_typesupport_introspection_c.h
-- Installing: /home/piusr/92032_CAN/RosMsg/install/rosmsg/include/rosmsg/rosmsg/msg/detail/motor_input_msg__rosidl_typesupport_introspection_c.h
-- Installing: /home/piusr/92032_CAN/RosMsg/install/rosmsg/include/rosmsg/rosmsg/msg/detail/ros_can_motor_sta__type_support.c
-- Installing: /home/piusr/92032_CAN/RosMsg/install/rosmsg/include/rosmsg/rosmsg/msg/detail/ros_can_motor_tgt__type_support.c
-- Installing: /home/piusr/92032_CAN/RosMsg/install/rosmsg/include/rosmsg/rosmsg/msg/detail/motor_output_msg__type_support.c
-- Installing: /home/piusr/92032_CAN/RosMsg/install/rosmsg/include/rosmsg/rosmsg/msg/detail/ros_can_imu_msg__type_support.c
-- Installing: /home/piusr/92032_CAN/RosMsg/install/rosmsg/include/rosmsg/rosmsg/msg/detail/ros_can_motor_sta__rosidl_typesupport_introspection_c.h
-- Installing: /home/piusr/92032_CAN/RosMsg/install/rosmsg/include/rosmsg/rosmsg/msg/detail/motor_input_msg__type_support.c
-- Installing: /home/piusr/92032_CAN/RosMsg/install/rosmsg/include/rosmsg/rosmsg/msg/detail/motor_output_msg__rosidl_typesupport_introspection_c.h
-- Installing: /home/piusr/92032_CAN/RosMsg/install/rosmsg/lib/librosmsg__rosidl_typesupport_introspection_c.so
-- Set non-toolchain portion of runtime path of "/home/piusr/92032_CAN/RosMsg/install/rosmsg/lib/librosmsg__rosidl_typesupport_introspection_c.so" to ""
-- Installing: /home/piusr/92032_CAN/RosMsg/install/rosmsg/lib/librosmsg__rosidl_typesupport_c.so
-- Set non-toolchain portion of runtime path of "/home/piusr/92032_CAN/RosMsg/install/rosmsg/lib/librosmsg__rosidl_typesupport_c.so" to ""
-- Up-to-date: /home/piusr/92032_CAN/RosMsg/install/rosmsg/include/rosmsg/rosmsg
-- Up-to-date: /home/piusr/92032_CAN/RosMsg/install/rosmsg/include/rosmsg/rosmsg/msg
-- Up-to-date: /home/piusr/92032_CAN/RosMsg/install/rosmsg/include/rosmsg/rosmsg/msg/detail
-- Installing: /home/piusr/92032_CAN/RosMsg/install/rosmsg/include/rosmsg/rosmsg/msg/detail/motor_input_msg__rosidl_typesupport_introspection_cpp.hpp
-- Installing: /home/piusr/92032_CAN/RosMsg/install/rosmsg/include/rosmsg/rosmsg/msg/detail/ros_can_motor_tgt__type_support.cpp
-- Installing: /home/piusr/92032_CAN/RosMsg/install/rosmsg/include/rosmsg/rosmsg/msg/detail/motor_input_msg__type_support.cpp
-- Installing: /home/piusr/92032_CAN/RosMsg/install/rosmsg/include/rosmsg/rosmsg/msg/detail/ros_can_motor_sta__rosidl_typesupport_introspection_cpp.hpp
-- Installing: /home/piusr/92032_CAN/RosMsg/install/rosmsg/include/rosmsg/rosmsg/msg/detail/ros_can_motor_tgt__rosidl_typesupport_introspection_cpp.hpp
-- Installing: /home/piusr/92032_CAN/RosMsg/install/rosmsg/include/rosmsg/rosmsg/msg/detail/motor_output_msg__rosidl_typesupport_introspection_cpp.hpp
-- Installing: /home/piusr/92032_CAN/RosMsg/install/rosmsg/include/rosmsg/rosmsg/msg/detail/ros_can_imu_msg__rosidl_typesupport_introspection_cpp.hpp
-- Installing: /home/piusr/92032_CAN/RosMsg/install/rosmsg/include/rosmsg/rosmsg/msg/detail/motor_output_msg__type_support.cpp
-- Installing: /home/piusr/92032_CAN/RosMsg/install/rosmsg/include/rosmsg/rosmsg/msg/detail/ros_can_imu_msg__type_support.cpp
-- Installing: /home/piusr/92032_CAN/RosMsg/install/rosmsg/include/rosmsg/rosmsg/msg/detail/ros_can_motor_sta__type_support.cpp
-- Installing: /home/piusr/92032_CAN/RosMsg/install/rosmsg/lib/librosmsg__rosidl_typesupport_introspection_cpp.so
-- Set non-toolchain portion of runtime path of "/home/piusr/92032_CAN/RosMsg/install/rosmsg/lib/librosmsg__rosidl_typesupport_introspection_cpp.so" to ""
-- Installing: /home/piusr/92032_CAN/RosMsg/install/rosmsg/lib/librosmsg__rosidl_typesupport_cpp.so
-- Set non-toolchain portion of runtime path of "/home/piusr/92032_CAN/RosMsg/install/rosmsg/lib/librosmsg__rosidl_typesupport_cpp.so" to ""
-- Installing: /home/piusr/92032_CAN/RosMsg/install/rosmsg/share/rosmsg/environment/pythonpath.sh
-- Installing: /home/piusr/92032_CAN/RosMsg/install/rosmsg/share/rosmsg/environment/pythonpath.dsv
-- Installing: /home/piusr/92032_CAN/RosMsg/install/rosmsg/lib/python3.12/site-packages/rosmsg-0.0.0-py3.12.egg-info
-- Installing: /home/piusr/92032_CAN/RosMsg/install/rosmsg/lib/python3.12/site-packages/rosmsg-0.0.0-py3.12.egg-info/dependency_links.txt
-- Installing: /home/piusr/92032_CAN/RosMsg/install/rosmsg/lib/python3.12/site-packages/rosmsg-0.0.0-py3.12.egg-info/top_level.txt
-- Installing: /home/piusr/92032_CAN/RosMsg/install/rosmsg/lib/python3.12/site-packages/rosmsg-0.0.0-py3.12.egg-info/SOURCES.txt
-- Installing: /home/piusr/92032_CAN/RosMsg/install/rosmsg/lib/python3.12/site-packages/rosmsg-0.0.0-py3.12.egg-info/PKG-INFO
-- Installing: /home/piusr/92032_CAN/RosMsg/install/rosmsg/lib/python3.12/site-packages/rosmsg
-- Installing: /home/piusr/92032_CAN/RosMsg/install/rosmsg/lib/python3.12/site-packages/rosmsg/_rosmsg_s.ep.rosidl_typesupport_introspection_c.c
-- Installing: /home/piusr/92032_CAN/RosMsg/install/rosmsg/lib/python3.12/site-packages/rosmsg/rosmsg_s__rosidl_typesupport_fastrtps_c.so
-- Installing: /home/piusr/92032_CAN/RosMsg/install/rosmsg/lib/python3.12/site-packages/rosmsg/_rosmsg_s.ep.rosidl_typesupport_fastrtps_c.c
-- Installing: /home/piusr/92032_CAN/RosMsg/install/rosmsg/lib/python3.12/site-packages/rosmsg/msg
-- Installing: /home/piusr/92032_CAN/RosMsg/install/rosmsg/lib/python3.12/site-packages/rosmsg/msg/_ros_can_motor_tgt_s.c
-- Installing: /home/piusr/92032_CAN/RosMsg/install/rosmsg/lib/python3.12/site-packages/rosmsg/msg/_ros_can_imu_msg_s.c
-- Installing: /home/piusr/92032_CAN/RosMsg/install/rosmsg/lib/python3.12/site-packages/rosmsg/msg/_motor_input_msg.py
-- Installing: /home/piusr/92032_CAN/RosMsg/install/rosmsg/lib/python3.12/site-packages/rosmsg/msg/_motor_input_msg_s.c
-- Installing: /home/piusr/92032_CAN/RosMsg/install/rosmsg/lib/python3.12/site-packages/rosmsg/msg/_motor_output_msg_s.c
-- Installing: /home/piusr/92032_CAN/RosMsg/install/rosmsg/lib/python3.12/site-packages/rosmsg/msg/_ros_can_motor_sta.py
-- Installing: /home/piusr/92032_CAN/RosMsg/install/rosmsg/lib/python3.12/site-packages/rosmsg/msg/__init__.py
-- Installing: /home/piusr/92032_CAN/RosMsg/install/rosmsg/lib/python3.12/site-packages/rosmsg/msg/_motor_output_msg.py
-- Installing: /home/piusr/92032_CAN/RosMsg/install/rosmsg/lib/python3.12/site-packages/rosmsg/msg/_ros_can_motor_tgt.py
-- Installing: /home/piusr/92032_CAN/RosMsg/install/rosmsg/lib/python3.12/site-packages/rosmsg/msg/_ros_can_motor_sta_s.c
-- Installing: /home/piusr/92032_CAN/RosMsg/install/rosmsg/lib/python3.12/site-packages/rosmsg/msg/_ros_can_imu_msg.py
-- Installing: /home/piusr/92032_CAN/RosMsg/install/rosmsg/lib/python3.12/site-packages/rosmsg/__init__.py
-- Installing: /home/piusr/92032_CAN/RosMsg/install/rosmsg/lib/python3.12/site-packages/rosmsg/rosmsg_s__rosidl_typesupport_c.so
-- Installing: /home/piusr/92032_CAN/RosMsg/install/rosmsg/lib/python3.12/site-packages/rosmsg/_rosmsg_s.ep.rosidl_typesupport_c.c
-- Installing: /home/piusr/92032_CAN/RosMsg/install/rosmsg/lib/python3.12/site-packages/rosmsg/rosmsg_s__rosidl_typesupport_introspection_c.so
Listing '/home/piusr/92032_CAN/RosMsg/install/rosmsg/lib/python3.12/site-packages/rosmsg'...
Compiling '/home/piusr/92032_CAN/RosMsg/install/rosmsg/lib/python3.12/site-packages/rosmsg/__init__.py'...
Listing '/home/piusr/92032_CAN/RosMsg/install/rosmsg/lib/python3.12/site-packages/rosmsg/msg'...
Compiling '/home/piusr/92032_CAN/RosMsg/install/rosmsg/lib/python3.12/site-packages/rosmsg/msg/__init__.py'...
Compiling '/home/piusr/92032_CAN/RosMsg/install/rosmsg/lib/python3.12/site-packages/rosmsg/msg/_motor_input_msg.py'...
Compiling '/home/piusr/92032_CAN/RosMsg/install/rosmsg/lib/python3.12/site-packages/rosmsg/msg/_motor_output_msg.py'...
Compiling '/home/piusr/92032_CAN/RosMsg/install/rosmsg/lib/python3.12/site-packages/rosmsg/msg/_ros_can_imu_msg.py'...
Compiling '/home/piusr/92032_CAN/RosMsg/install/rosmsg/lib/python3.12/site-packages/rosmsg/msg/_ros_can_motor_sta.py'...
Compiling '/home/piusr/92032_CAN/RosMsg/install/rosmsg/lib/python3.12/site-packages/rosmsg/msg/_ros_can_motor_tgt.py'...
-- Installing: /home/piusr/92032_CAN/RosMsg/install/rosmsg/lib/python3.12/site-packages/rosmsg/rosmsg_s__rosidl_typesupport_fastrtps_c.so
-- Set non-toolchain portion of runtime path of "/home/piusr/92032_CAN/RosMsg/install/rosmsg/lib/python3.12/site-packages/rosmsg/rosmsg_s__rosidl_typesupport_fastrtps_c.so" to ""
-- Installing: /home/piusr/92032_CAN/RosMsg/install/rosmsg/lib/python3.12/site-packages/rosmsg/rosmsg_s__rosidl_typesupport_introspection_c.so
-- Set non-toolchain portion of runtime path of "/home/piusr/92032_CAN/RosMsg/install/rosmsg/lib/python3.12/site-packages/rosmsg/rosmsg_s__rosidl_typesupport_introspection_c.so" to ""
-- Installing: /home/piusr/92032_CAN/RosMsg/install/rosmsg/lib/python3.12/site-packages/rosmsg/rosmsg_s__rosidl_typesupport_c.so
-- Set non-toolchain portion of runtime path of "/home/piusr/92032_CAN/RosMsg/install/rosmsg/lib/python3.12/site-packages/rosmsg/rosmsg_s__rosidl_typesupport_c.so" to ""
-- Installing: /home/piusr/92032_CAN/RosMsg/install/rosmsg/lib/librosmsg__rosidl_generator_py.so
-- Set non-toolchain portion of runtime path of "/home/piusr/92032_CAN/RosMsg/install/rosmsg/lib/librosmsg__rosidl_generator_py.so" to ""
-- Installing: /home/piusr/92032_CAN/RosMsg/install/rosmsg/share/rosmsg/msg/RosCanMotorSta.idl
-- Installing: /home/piusr/92032_CAN/RosMsg/install/rosmsg/share/rosmsg/msg/RosCanMotorTgt.idl
-- Installing: /home/piusr/92032_CAN/RosMsg/install/rosmsg/share/rosmsg/msg/RosCanImuMsg.idl
-- Installing: /home/piusr/92032_CAN/RosMsg/install/rosmsg/share/rosmsg/msg/MotorInputMsg.idl
-- Installing: /home/piusr/92032_CAN/RosMsg/install/rosmsg/share/rosmsg/msg/MotorOutputMsg.idl
-- Installing: /home/piusr/92032_CAN/RosMsg/install/rosmsg/share/rosmsg/msg/RosCanMotorSta.msg
-- Installing: /home/piusr/92032_CAN/RosMsg/install/rosmsg/share/rosmsg/msg/RosCanMotorTgt.msg
-- Installing: /home/piusr/92032_CAN/RosMsg/install/rosmsg/share/rosmsg/msg/RosCanImuMsg.msg
-- Installing: /home/piusr/92032_CAN/RosMsg/install/rosmsg/share/rosmsg/msg/MotorInputMsg.msg
-- Installing: /home/piusr/92032_CAN/RosMsg/install/rosmsg/share/rosmsg/msg/MotorOutputMsg.msg
-- Installing: /home/piusr/92032_CAN/RosMsg/install/rosmsg/share/ament_index/resource_index/package_run_dependencies/rosmsg
-- Installing: /home/piusr/92032_CAN/RosMsg/install/rosmsg/share/ament_index/resource_index/parent_prefix_path/rosmsg
-- Installing: /home/piusr/92032_CAN/RosMsg/install/rosmsg/share/rosmsg/environment/ament_prefix_path.sh
-- Installing: /home/piusr/92032_CAN/RosMsg/install/rosmsg/share/rosmsg/environment/ament_prefix_path.dsv
-- Installing: /home/piusr/92032_CAN/RosMsg/install/rosmsg/share/rosmsg/environment/path.sh
-- Installing: /home/piusr/92032_CAN/RosMsg/install/rosmsg/share/rosmsg/environment/path.dsv
-- Installing: /home/piusr/92032_CAN/RosMsg/install/rosmsg/share/rosmsg/local_setup.bash
-- Installing: /home/piusr/92032_CAN/RosMsg/install/rosmsg/share/rosmsg/local_setup.sh
-- Installing: /home/piusr/92032_CAN/RosMsg/install/rosmsg/share/rosmsg/local_setup.zsh
-- Installing: /home/piusr/92032_CAN/RosMsg/install/rosmsg/share/rosmsg/local_setup.dsv
-- Installing: /home/piusr/92032_CAN/RosMsg/install/rosmsg/share/rosmsg/package.dsv
-- Installing: /home/piusr/92032_CAN/RosMsg/install/rosmsg/share/ament_index/resource_index/packages/rosmsg
-- Installing: /home/piusr/92032_CAN/RosMsg/install/rosmsg/share/rosmsg/cmake/export_rosmsg__rosidl_generator_cExport.cmake
-- Installing: /home/piusr/92032_CAN/RosMsg/install/rosmsg/share/rosmsg/cmake/export_rosmsg__rosidl_generator_cExport-noconfig.cmake
-- Installing: /home/piusr/92032_CAN/RosMsg/install/rosmsg/share/rosmsg/cmake/export_rosmsg__rosidl_typesupport_fastrtps_cExport.cmake
-- Installing: /home/piusr/92032_CAN/RosMsg/install/rosmsg/share/rosmsg/cmake/export_rosmsg__rosidl_typesupport_fastrtps_cExport-noconfig.cmake
-- Installing: /home/piusr/92032_CAN/RosMsg/install/rosmsg/share/rosmsg/cmake/export_rosmsg__rosidl_generator_cppExport.cmake
-- Installing: /home/piusr/92032_CAN/RosMsg/install/rosmsg/share/rosmsg/cmake/export_rosmsg__rosidl_typesupport_fastrtps_cppExport.cmake
-- Installing: /home/piusr/92032_CAN/RosMsg/install/rosmsg/share/rosmsg/cmake/export_rosmsg__rosidl_typesupport_fastrtps_cppExport-noconfig.cmake
-- Installing: /home/piusr/92032_CAN/RosMsg/install/rosmsg/share/rosmsg/cmake/rosmsg__rosidl_typesupport_introspection_cExport.cmake
-- Installing: /home/piusr/92032_CAN/RosMsg/install/rosmsg/share/rosmsg/cmake/rosmsg__rosidl_typesupport_introspection_cExport-noconfig.cmake
-- Installing: /home/piusr/92032_CAN/RosMsg/install/rosmsg/share/rosmsg/cmake/rosmsg__rosidl_typesupport_cExport.cmake
-- Installing: /home/piusr/92032_CAN/RosMsg/install/rosmsg/share/rosmsg/cmake/rosmsg__rosidl_typesupport_cExport-noconfig.cmake
-- Installing: /home/piusr/92032_CAN/RosMsg/install/rosmsg/share/rosmsg/cmake/rosmsg__rosidl_typesupport_introspection_cppExport.cmake
-- Installing: /home/piusr/92032_CAN/RosMsg/install/rosmsg/share/rosmsg/cmake/rosmsg__rosidl_typesupport_introspection_cppExport-noconfig.cmake
-- Installing: /home/piusr/92032_CAN/RosMsg/install/rosmsg/share/rosmsg/cmake/rosmsg__rosidl_typesupport_cppExport.cmake
-- Installing: /home/piusr/92032_CAN/RosMsg/install/rosmsg/share/rosmsg/cmake/rosmsg__rosidl_typesupport_cppExport-noconfig.cmake
-- Installing: /home/piusr/92032_CAN/RosMsg/install/rosmsg/share/rosmsg/cmake/export_rosmsg__rosidl_generator_pyExport.cmake
-- Installing: /home/piusr/92032_CAN/RosMsg/install/rosmsg/share/rosmsg/cmake/export_rosmsg__rosidl_generator_pyExport-noconfig.cmake
-- Installing: /home/piusr/92032_CAN/RosMsg/install/rosmsg/share/rosmsg/cmake/rosidl_cmake-extras.cmake
-- Installing: /home/piusr/92032_CAN/RosMsg/install/rosmsg/share/rosmsg/cmake/ament_cmake_export_include_directories-extras.cmake
-- Installing: /home/piusr/92032_CAN/RosMsg/install/rosmsg/share/rosmsg/cmake/ament_cmake_export_libraries-extras.cmake
-- Installing: /home/piusr/92032_CAN/RosMsg/install/rosmsg/share/rosmsg/cmake/ament_cmake_export_targets-extras.cmake
-- Installing: /home/piusr/92032_CAN/RosMsg/install/rosmsg/share/rosmsg/cmake/rosidl_cmake_export_typesupport_targets-extras.cmake
-- Installing: /home/piusr/92032_CAN/RosMsg/install/rosmsg/share/rosmsg/cmake/ament_cmake_export_dependencies-extras.cmake
-- Installing: /home/piusr/92032_CAN/RosMsg/install/rosmsg/share/rosmsg/cmake/rosidl_cmake_export_typesupport_libraries-extras.cmake
-- Installing: /home/piusr/92032_CAN/RosMsg/install/rosmsg/share/rosmsg/cmake/rosmsgConfig.cmake
-- Installing: /home/piusr/92032_CAN/RosMsg/install/rosmsg/share/rosmsg/cmake/rosmsgConfig-version.cmake
-- Installing: /home/piusr/92032_CAN/RosMsg/install/rosmsg/share/rosmsg/package.xml
