[  1%] Built target rosmsg__rosidl_generator_type_description
[  1%] Built target ament_cmake_python_copy_rosmsg
[  2%] Built target rosmsg__cpp
[ 25%] Built target rosmsg__rosidl_generator_c
[ 35%] Built target rosmsg__rosidl_typesupport_fastrtps_c
[ 44%] Built target rosmsg__rosidl_typesupport_cpp
[ 54%] Built target rosmsg__rosidl_typesupport_fastrtps_cpp
[ 63%] Built target rosmsg__rosidl_typesupport_introspection_c
[ 72%] Built target rosmsg__rosidl_typesupport_c
[ 82%] Built target rosmsg__rosidl_typesupport_introspection_cpp
[ 82%] Built target rosmsg
[ 83%] Built target rosmsg__py
[ 91%] Built target rosmsg__rosidl_generator_py
[ 97%] Built target rosmsg_s__rosidl_typesupport_fastrtps_c
[ 97%] Built target rosmsg_s__rosidl_typesupport_c
[100%] Built target rosmsg_s__rosidl_typesupport_introspection_c
running egg_info
writing rosmsg.egg-info/PKG-INFO
writing dependency_links to rosmsg.egg-info/dependency_links.txt
writing top-level names to rosmsg.egg-info/top_level.txt
reading manifest file 'rosmsg.egg-info/SOURCES.txt'
writing manifest file 'rosmsg.egg-info/SOURCES.txt'
[100%] Built target ament_cmake_python_build_rosmsg_egg
-- Install configuration: ""
-- Up-to-date: /home/piusr/92032_CAN/RosMsg/install/rosmsg/share/ament_index/resource_index/rosidl_interfaces/rosmsg
-- Up-to-date: /home/piusr/92032_CAN/RosMsg/install/rosmsg/share/rosmsg/msg/RosCanMotorSta.json
-- Up-to-date: /home/piusr/92032_CAN/RosMsg/install/rosmsg/share/rosmsg/msg/RosCanMotorTgt.json
-- Up-to-date: /home/piusr/92032_CAN/RosMsg/install/rosmsg/share/rosmsg/msg/RosCanImuMsg.json
-- Up-to-date: /home/piusr/92032_CAN/RosMsg/install/rosmsg/share/rosmsg/msg/MotorInputMsg.json
-- Up-to-date: /home/piusr/92032_CAN/RosMsg/install/rosmsg/share/rosmsg/msg/MotorOutputMsg.json
-- Up-to-date: /home/piusr/92032_CAN/RosMsg/install/rosmsg/include/rosmsg/rosmsg
-- Up-to-date: /home/piusr/92032_CAN/RosMsg/install/rosmsg/include/rosmsg/rosmsg/msg
-- Up-to-date: /home/piusr/92032_CAN/RosMsg/install/rosmsg/include/rosmsg/rosmsg/msg/ros_can_motor_tgt.h
-- Up-to-date: /home/piusr/92032_CAN/RosMsg/install/rosmsg/include/rosmsg/rosmsg/msg/motor_output_msg.h
-- Up-to-date: /home/piusr/92032_CAN/RosMsg/install/rosmsg/include/rosmsg/rosmsg/msg/rosidl_generator_c__visibility_control.h
-- Up-to-date: /home/piusr/92032_CAN/RosMsg/install/rosmsg/include/rosmsg/rosmsg/msg/motor_input_msg.h
-- Up-to-date: /home/piusr/92032_CAN/RosMsg/install/rosmsg/include/rosmsg/rosmsg/msg/ros_can_motor_sta.h
-- Up-to-date: /home/piusr/92032_CAN/RosMsg/install/rosmsg/include/rosmsg/rosmsg/msg/detail
-- Up-to-date: /home/piusr/92032_CAN/RosMsg/install/rosmsg/include/rosmsg/rosmsg/msg/detail/ros_can_motor_sta__functions.h
-- Up-to-date: /home/piusr/92032_CAN/RosMsg/install/rosmsg/include/rosmsg/rosmsg/msg/detail/ros_can_imu_msg__functions.h
-- Up-to-date: /home/piusr/92032_CAN/RosMsg/install/rosmsg/include/rosmsg/rosmsg/msg/detail/ros_can_imu_msg__struct.h
-- Up-to-date: /home/piusr/92032_CAN/RosMsg/install/rosmsg/include/rosmsg/rosmsg/msg/detail/motor_input_msg__type_support.h
-- Up-to-date: /home/piusr/92032_CAN/RosMsg/install/rosmsg/include/rosmsg/rosmsg/msg/detail/ros_can_motor_tgt__functions.c
-- Up-to-date: /home/piusr/92032_CAN/RosMsg/install/rosmsg/include/rosmsg/rosmsg/msg/detail/motor_output_msg__functions.c
-- Up-to-date: /home/piusr/92032_CAN/RosMsg/install/rosmsg/include/rosmsg/rosmsg/msg/detail/motor_output_msg__type_support.h
-- Up-to-date: /home/piusr/92032_CAN/RosMsg/install/rosmsg/include/rosmsg/rosmsg/msg/detail/ros_can_motor_tgt__functions.h
-- Up-to-date: /home/piusr/92032_CAN/RosMsg/install/rosmsg/include/rosmsg/rosmsg/msg/detail/motor_output_msg__functions.h
-- Up-to-date: /home/piusr/92032_CAN/RosMsg/install/rosmsg/include/rosmsg/rosmsg/msg/detail/ros_can_motor_tgt__struct.h
-- Up-to-date: /home/piusr/92032_CAN/RosMsg/install/rosmsg/include/rosmsg/rosmsg/msg/detail/ros_can_motor_sta__description.c
-- Up-to-date: /home/piusr/92032_CAN/RosMsg/install/rosmsg/include/rosmsg/rosmsg/msg/detail/motor_output_msg__description.c
-- Up-to-date: /home/piusr/92032_CAN/RosMsg/install/rosmsg/include/rosmsg/rosmsg/msg/detail/ros_can_motor_sta__functions.c
-- Up-to-date: /home/piusr/92032_CAN/RosMsg/install/rosmsg/include/rosmsg/rosmsg/msg/detail/ros_can_imu_msg__type_support.h
-- Up-to-date: /home/piusr/92032_CAN/RosMsg/install/rosmsg/include/rosmsg/rosmsg/msg/detail/motor_input_msg__description.c
-- Up-to-date: /home/piusr/92032_CAN/RosMsg/install/rosmsg/include/rosmsg/rosmsg/msg/detail/ros_can_motor_sta__type_support.c
-- Up-to-date: /home/piusr/92032_CAN/RosMsg/install/rosmsg/include/rosmsg/rosmsg/msg/detail/ros_can_imu_msg__description.c
-- Up-to-date: /home/piusr/92032_CAN/RosMsg/install/rosmsg/include/rosmsg/rosmsg/msg/detail/ros_can_motor_tgt__type_support.c
-- Up-to-date: /home/piusr/92032_CAN/RosMsg/install/rosmsg/include/rosmsg/rosmsg/msg/detail/motor_output_msg__type_support.c
-- Up-to-date: /home/piusr/92032_CAN/RosMsg/install/rosmsg/include/rosmsg/rosmsg/msg/detail/ros_can_imu_msg__type_support.c
-- Up-to-date: /home/piusr/92032_CAN/RosMsg/install/rosmsg/include/rosmsg/rosmsg/msg/detail/ros_can_motor_tgt__description.c
-- Up-to-date: /home/piusr/92032_CAN/RosMsg/install/rosmsg/include/rosmsg/rosmsg/msg/detail/motor_input_msg__functions.h
-- Up-to-date: /home/piusr/92032_CAN/RosMsg/install/rosmsg/include/rosmsg/rosmsg/msg/detail/ros_can_motor_sta__struct.h
-- Up-to-date: /home/piusr/92032_CAN/RosMsg/install/rosmsg/include/rosmsg/rosmsg/msg/detail/ros_can_motor_sta__type_support.h
-- Up-to-date: /home/piusr/92032_CAN/RosMsg/install/rosmsg/include/rosmsg/rosmsg/msg/detail/ros_can_imu_msg__functions.c
-- Up-to-date: /home/piusr/92032_CAN/RosMsg/install/rosmsg/include/rosmsg/rosmsg/msg/detail/motor_output_msg__struct.h
-- Up-to-date: /home/piusr/92032_CAN/RosMsg/install/rosmsg/include/rosmsg/rosmsg/msg/detail/motor_input_msg__type_support.c
-- Up-to-date: /home/piusr/92032_CAN/RosMsg/install/rosmsg/include/rosmsg/rosmsg/msg/detail/motor_input_msg__struct.h
-- Up-to-date: /home/piusr/92032_CAN/RosMsg/install/rosmsg/include/rosmsg/rosmsg/msg/detail/ros_can_motor_tgt__type_support.h
-- Up-to-date: /home/piusr/92032_CAN/RosMsg/install/rosmsg/include/rosmsg/rosmsg/msg/detail/motor_input_msg__functions.c
-- Up-to-date: /home/piusr/92032_CAN/RosMsg/install/rosmsg/include/rosmsg/rosmsg/msg/ros_can_imu_msg.h
-- Up-to-date: /home/piusr/92032_CAN/RosMsg/install/rosmsg/share/rosmsg/environment/library_path.sh
-- Up-to-date: /home/piusr/92032_CAN/RosMsg/install/rosmsg/share/rosmsg/environment/library_path.dsv
-- Up-to-date: /home/piusr/92032_CAN/RosMsg/install/rosmsg/lib/librosmsg__rosidl_generator_c.so
-- Up-to-date: /home/piusr/92032_CAN/RosMsg/install/rosmsg/include/rosmsg/rosmsg
-- Up-to-date: /home/piusr/92032_CAN/RosMsg/install/rosmsg/include/rosmsg/rosmsg/msg
-- Up-to-date: /home/piusr/92032_CAN/RosMsg/install/rosmsg/include/rosmsg/rosmsg/msg/rosidl_typesupport_fastrtps_c__visibility_control.h
-- Up-to-date: /home/piusr/92032_CAN/RosMsg/install/rosmsg/include/rosmsg/rosmsg/msg/detail
-- Up-to-date: /home/piusr/92032_CAN/RosMsg/install/rosmsg/include/rosmsg/rosmsg/msg/detail/motor_input_msg__rosidl_typesupport_fastrtps_c.h
-- Up-to-date: /home/piusr/92032_CAN/RosMsg/install/rosmsg/include/rosmsg/rosmsg/msg/detail/ros_can_imu_msg__rosidl_typesupport_fastrtps_c.h
-- Up-to-date: /home/piusr/92032_CAN/RosMsg/install/rosmsg/include/rosmsg/rosmsg/msg/detail/motor_output_msg__rosidl_typesupport_fastrtps_c.h
-- Up-to-date: /home/piusr/92032_CAN/RosMsg/install/rosmsg/include/rosmsg/rosmsg/msg/detail/ros_can_motor_tgt__rosidl_typesupport_fastrtps_c.h
-- Up-to-date: /home/piusr/92032_CAN/RosMsg/install/rosmsg/include/rosmsg/rosmsg/msg/detail/ros_can_motor_sta__rosidl_typesupport_fastrtps_c.h
-- Up-to-date: /home/piusr/92032_CAN/RosMsg/install/rosmsg/lib/librosmsg__rosidl_typesupport_fastrtps_c.so
-- Up-to-date: /home/piusr/92032_CAN/RosMsg/install/rosmsg/include/rosmsg/rosmsg
-- Up-to-date: /home/piusr/92032_CAN/RosMsg/install/rosmsg/include/rosmsg/rosmsg/msg
-- Up-to-date: /home/piusr/92032_CAN/RosMsg/install/rosmsg/include/rosmsg/rosmsg/msg/ros_can_motor_tgt.hpp
-- Up-to-date: /home/piusr/92032_CAN/RosMsg/install/rosmsg/include/rosmsg/rosmsg/msg/rosidl_generator_cpp__visibility_control.hpp
-- Up-to-date: /home/piusr/92032_CAN/RosMsg/install/rosmsg/include/rosmsg/rosmsg/msg/ros_can_motor_sta.hpp
-- Up-to-date: /home/piusr/92032_CAN/RosMsg/install/rosmsg/include/rosmsg/rosmsg/msg/ros_can_imu_msg.hpp
-- Up-to-date: /home/piusr/92032_CAN/RosMsg/install/rosmsg/include/rosmsg/rosmsg/msg/motor_output_msg.hpp
-- Up-to-date: /home/piusr/92032_CAN/RosMsg/install/rosmsg/include/rosmsg/rosmsg/msg/detail
-- Up-to-date: /home/piusr/92032_CAN/RosMsg/install/rosmsg/include/rosmsg/rosmsg/msg/detail/ros_can_motor_tgt__builder.hpp
-- Up-to-date: /home/piusr/92032_CAN/RosMsg/install/rosmsg/include/rosmsg/rosmsg/msg/detail/ros_can_motor_tgt__struct.hpp
-- Up-to-date: /home/piusr/92032_CAN/RosMsg/install/rosmsg/include/rosmsg/rosmsg/msg/detail/motor_input_msg__struct.hpp
-- Up-to-date: /home/piusr/92032_CAN/RosMsg/install/rosmsg/include/rosmsg/rosmsg/msg/detail/ros_can_motor_sta__type_support.hpp
-- Up-to-date: /home/piusr/92032_CAN/RosMsg/install/rosmsg/include/rosmsg/rosmsg/msg/detail/motor_output_msg__traits.hpp
-- Up-to-date: /home/piusr/92032_CAN/RosMsg/install/rosmsg/include/rosmsg/rosmsg/msg/detail/ros_can_imu_msg__struct.hpp
-- Up-to-date: /home/piusr/92032_CAN/RosMsg/install/rosmsg/include/rosmsg/rosmsg/msg/detail/motor_input_msg__builder.hpp
-- Up-to-date: /home/piusr/92032_CAN/RosMsg/install/rosmsg/include/rosmsg/rosmsg/msg/detail/ros_can_imu_msg__type_support.hpp
-- Up-to-date: /home/piusr/92032_CAN/RosMsg/install/rosmsg/include/rosmsg/rosmsg/msg/detail/ros_can_motor_tgt__traits.hpp
-- Up-to-date: /home/piusr/92032_CAN/RosMsg/install/rosmsg/include/rosmsg/rosmsg/msg/detail/ros_can_imu_msg__builder.hpp
-- Up-to-date: /home/piusr/92032_CAN/RosMsg/install/rosmsg/include/rosmsg/rosmsg/msg/detail/motor_output_msg__type_support.hpp
-- Up-to-date: /home/piusr/92032_CAN/RosMsg/install/rosmsg/include/rosmsg/rosmsg/msg/detail/motor_output_msg__struct.hpp
-- Up-to-date: /home/piusr/92032_CAN/RosMsg/install/rosmsg/include/rosmsg/rosmsg/msg/detail/motor_input_msg__type_support.hpp
-- Up-to-date: /home/piusr/92032_CAN/RosMsg/install/rosmsg/include/rosmsg/rosmsg/msg/detail/ros_can_motor_sta__builder.hpp
-- Up-to-date: /home/piusr/92032_CAN/RosMsg/install/rosmsg/include/rosmsg/rosmsg/msg/detail/ros_can_imu_msg__traits.hpp
-- Up-to-date: /home/piusr/92032_CAN/RosMsg/install/rosmsg/include/rosmsg/rosmsg/msg/detail/ros_can_motor_sta__traits.hpp
-- Up-to-date: /home/piusr/92032_CAN/RosMsg/install/rosmsg/include/rosmsg/rosmsg/msg/detail/ros_can_motor_tgt__type_support.hpp
-- Up-to-date: /home/piusr/92032_CAN/RosMsg/install/rosmsg/include/rosmsg/rosmsg/msg/detail/motor_input_msg__traits.hpp
-- Up-to-date: /home/piusr/92032_CAN/RosMsg/install/rosmsg/include/rosmsg/rosmsg/msg/detail/motor_output_msg__builder.hpp
-- Up-to-date: /home/piusr/92032_CAN/RosMsg/install/rosmsg/include/rosmsg/rosmsg/msg/detail/ros_can_motor_sta__struct.hpp
-- Up-to-date: /home/piusr/92032_CAN/RosMsg/install/rosmsg/include/rosmsg/rosmsg/msg/motor_input_msg.hpp
-- Up-to-date: /home/piusr/92032_CAN/RosMsg/install/rosmsg/include/rosmsg/rosmsg
-- Up-to-date: /home/piusr/92032_CAN/RosMsg/install/rosmsg/include/rosmsg/rosmsg/msg
-- Up-to-date: /home/piusr/92032_CAN/RosMsg/install/rosmsg/include/rosmsg/rosmsg/msg/rosidl_typesupport_fastrtps_cpp__visibility_control.h
-- Up-to-date: /home/piusr/92032_CAN/RosMsg/install/rosmsg/include/rosmsg/rosmsg/msg/detail
-- Up-to-date: /home/piusr/92032_CAN/RosMsg/install/rosmsg/include/rosmsg/rosmsg/msg/detail/ros_can_motor_tgt__rosidl_typesupport_fastrtps_cpp.hpp
-- Up-to-date: /home/piusr/92032_CAN/RosMsg/install/rosmsg/include/rosmsg/rosmsg/msg/detail/motor_output_msg__rosidl_typesupport_fastrtps_cpp.hpp
-- Up-to-date: /home/piusr/92032_CAN/RosMsg/install/rosmsg/include/rosmsg/rosmsg/msg/detail/ros_can_motor_sta__rosidl_typesupport_fastrtps_cpp.hpp
-- Up-to-date: /home/piusr/92032_CAN/RosMsg/install/rosmsg/include/rosmsg/rosmsg/msg/detail/dds_fastrtps
-- Up-to-date: /home/piusr/92032_CAN/RosMsg/install/rosmsg/include/rosmsg/rosmsg/msg/detail/motor_input_msg__rosidl_typesupport_fastrtps_cpp.hpp
-- Up-to-date: /home/piusr/92032_CAN/RosMsg/install/rosmsg/include/rosmsg/rosmsg/msg/detail/ros_can_imu_msg__rosidl_typesupport_fastrtps_cpp.hpp
-- Up-to-date: /home/piusr/92032_CAN/RosMsg/install/rosmsg/lib/librosmsg__rosidl_typesupport_fastrtps_cpp.so
-- Up-to-date: /home/piusr/92032_CAN/RosMsg/install/rosmsg/include/rosmsg/rosmsg
-- Up-to-date: /home/piusr/92032_CAN/RosMsg/install/rosmsg/include/rosmsg/rosmsg/msg
-- Up-to-date: /home/piusr/92032_CAN/RosMsg/install/rosmsg/include/rosmsg/rosmsg/msg/rosidl_typesupport_introspection_c__visibility_control.h
-- Up-to-date: /home/piusr/92032_CAN/RosMsg/install/rosmsg/include/rosmsg/rosmsg/msg/detail
-- Up-to-date: /home/piusr/92032_CAN/RosMsg/install/rosmsg/include/rosmsg/rosmsg/msg/detail/ros_can_imu_msg__rosidl_typesupport_introspection_c.h
-- Up-to-date: /home/piusr/92032_CAN/RosMsg/install/rosmsg/include/rosmsg/rosmsg/msg/detail/ros_can_motor_tgt__rosidl_typesupport_introspection_c.h
-- Up-to-date: /home/piusr/92032_CAN/RosMsg/install/rosmsg/include/rosmsg/rosmsg/msg/detail/motor_input_msg__rosidl_typesupport_introspection_c.h
-- Up-to-date: /home/piusr/92032_CAN/RosMsg/install/rosmsg/include/rosmsg/rosmsg/msg/detail/ros_can_motor_sta__type_support.c
-- Up-to-date: /home/piusr/92032_CAN/RosMsg/install/rosmsg/include/rosmsg/rosmsg/msg/detail/ros_can_motor_tgt__type_support.c
-- Up-to-date: /home/piusr/92032_CAN/RosMsg/install/rosmsg/include/rosmsg/rosmsg/msg/detail/motor_output_msg__type_support.c
-- Up-to-date: /home/piusr/92032_CAN/RosMsg/install/rosmsg/include/rosmsg/rosmsg/msg/detail/ros_can_imu_msg__type_support.c
-- Up-to-date: /home/piusr/92032_CAN/RosMsg/install/rosmsg/include/rosmsg/rosmsg/msg/detail/ros_can_motor_sta__rosidl_typesupport_introspection_c.h
-- Up-to-date: /home/piusr/92032_CAN/RosMsg/install/rosmsg/include/rosmsg/rosmsg/msg/detail/motor_input_msg__type_support.c
-- Up-to-date: /home/piusr/92032_CAN/RosMsg/install/rosmsg/include/rosmsg/rosmsg/msg/detail/motor_output_msg__rosidl_typesupport_introspection_c.h
-- Up-to-date: /home/piusr/92032_CAN/RosMsg/install/rosmsg/lib/librosmsg__rosidl_typesupport_introspection_c.so
-- Up-to-date: /home/piusr/92032_CAN/RosMsg/install/rosmsg/lib/librosmsg__rosidl_typesupport_c.so
-- Up-to-date: /home/piusr/92032_CAN/RosMsg/install/rosmsg/include/rosmsg/rosmsg
-- Up-to-date: /home/piusr/92032_CAN/RosMsg/install/rosmsg/include/rosmsg/rosmsg/msg
-- Up-to-date: /home/piusr/92032_CAN/RosMsg/install/rosmsg/include/rosmsg/rosmsg/msg/detail
-- Up-to-date: /home/piusr/92032_CAN/RosMsg/install/rosmsg/include/rosmsg/rosmsg/msg/detail/motor_input_msg__rosidl_typesupport_introspection_cpp.hpp
-- Up-to-date: /home/piusr/92032_CAN/RosMsg/install/rosmsg/include/rosmsg/rosmsg/msg/detail/ros_can_motor_tgt__type_support.cpp
-- Up-to-date: /home/piusr/92032_CAN/RosMsg/install/rosmsg/include/rosmsg/rosmsg/msg/detail/motor_input_msg__type_support.cpp
-- Up-to-date: /home/piusr/92032_CAN/RosMsg/install/rosmsg/include/rosmsg/rosmsg/msg/detail/ros_can_motor_sta__rosidl_typesupport_introspection_cpp.hpp
-- Up-to-date: /home/piusr/92032_CAN/RosMsg/install/rosmsg/include/rosmsg/rosmsg/msg/detail/ros_can_motor_tgt__rosidl_typesupport_introspection_cpp.hpp
-- Up-to-date: /home/piusr/92032_CAN/RosMsg/install/rosmsg/include/rosmsg/rosmsg/msg/detail/motor_output_msg__rosidl_typesupport_introspection_cpp.hpp
-- Up-to-date: /home/piusr/92032_CAN/RosMsg/install/rosmsg/include/rosmsg/rosmsg/msg/detail/ros_can_imu_msg__rosidl_typesupport_introspection_cpp.hpp
-- Up-to-date: /home/piusr/92032_CAN/RosMsg/install/rosmsg/include/rosmsg/rosmsg/msg/detail/motor_output_msg__type_support.cpp
-- Up-to-date: /home/piusr/92032_CAN/RosMsg/install/rosmsg/include/rosmsg/rosmsg/msg/detail/ros_can_imu_msg__type_support.cpp
-- Up-to-date: /home/piusr/92032_CAN/RosMsg/install/rosmsg/include/rosmsg/rosmsg/msg/detail/ros_can_motor_sta__type_support.cpp
-- Up-to-date: /home/piusr/92032_CAN/RosMsg/install/rosmsg/lib/librosmsg__rosidl_typesupport_introspection_cpp.so
-- Up-to-date: /home/piusr/92032_CAN/RosMsg/install/rosmsg/lib/librosmsg__rosidl_typesupport_cpp.so
-- Up-to-date: /home/piusr/92032_CAN/RosMsg/install/rosmsg/share/rosmsg/environment/pythonpath.sh
-- Up-to-date: /home/piusr/92032_CAN/RosMsg/install/rosmsg/share/rosmsg/environment/pythonpath.dsv
-- Up-to-date: /home/piusr/92032_CAN/RosMsg/install/rosmsg/lib/python3.12/site-packages/rosmsg-0.0.0-py3.12.egg-info
-- Installing: /home/piusr/92032_CAN/RosMsg/install/rosmsg/lib/python3.12/site-packages/rosmsg-0.0.0-py3.12.egg-info/dependency_links.txt
-- Installing: /home/piusr/92032_CAN/RosMsg/install/rosmsg/lib/python3.12/site-packages/rosmsg-0.0.0-py3.12.egg-info/top_level.txt
-- Installing: /home/piusr/92032_CAN/RosMsg/install/rosmsg/lib/python3.12/site-packages/rosmsg-0.0.0-py3.12.egg-info/SOURCES.txt
-- Installing: /home/piusr/92032_CAN/RosMsg/install/rosmsg/lib/python3.12/site-packages/rosmsg-0.0.0-py3.12.egg-info/PKG-INFO
-- Up-to-date: /home/piusr/92032_CAN/RosMsg/install/rosmsg/lib/python3.12/site-packages/rosmsg
-- Up-to-date: /home/piusr/92032_CAN/RosMsg/install/rosmsg/lib/python3.12/site-packages/rosmsg/_rosmsg_s.ep.rosidl_typesupport_introspection_c.c
-- Up-to-date: /home/piusr/92032_CAN/RosMsg/install/rosmsg/lib/python3.12/site-packages/rosmsg/rosmsg_s__rosidl_typesupport_fastrtps_c.so
-- Up-to-date: /home/piusr/92032_CAN/RosMsg/install/rosmsg/lib/python3.12/site-packages/rosmsg/_rosmsg_s.ep.rosidl_typesupport_fastrtps_c.c
-- Up-to-date: /home/piusr/92032_CAN/RosMsg/install/rosmsg/lib/python3.12/site-packages/rosmsg/msg
-- Up-to-date: /home/piusr/92032_CAN/RosMsg/install/rosmsg/lib/python3.12/site-packages/rosmsg/msg/_ros_can_motor_tgt_s.c
-- Up-to-date: /home/piusr/92032_CAN/RosMsg/install/rosmsg/lib/python3.12/site-packages/rosmsg/msg/_ros_can_imu_msg_s.c
-- Up-to-date: /home/piusr/92032_CAN/RosMsg/install/rosmsg/lib/python3.12/site-packages/rosmsg/msg/_motor_input_msg.py
-- Up-to-date: /home/piusr/92032_CAN/RosMsg/install/rosmsg/lib/python3.12/site-packages/rosmsg/msg/_motor_input_msg_s.c
-- Up-to-date: /home/piusr/92032_CAN/RosMsg/install/rosmsg/lib/python3.12/site-packages/rosmsg/msg/_motor_output_msg_s.c
-- Up-to-date: /home/piusr/92032_CAN/RosMsg/install/rosmsg/lib/python3.12/site-packages/rosmsg/msg/_ros_can_motor_sta.py
-- Up-to-date: /home/piusr/92032_CAN/RosMsg/install/rosmsg/lib/python3.12/site-packages/rosmsg/msg/__init__.py
-- Up-to-date: /home/piusr/92032_CAN/RosMsg/install/rosmsg/lib/python3.12/site-packages/rosmsg/msg/_motor_output_msg.py
-- Up-to-date: /home/piusr/92032_CAN/RosMsg/install/rosmsg/lib/python3.12/site-packages/rosmsg/msg/_ros_can_motor_tgt.py
-- Up-to-date: /home/piusr/92032_CAN/RosMsg/install/rosmsg/lib/python3.12/site-packages/rosmsg/msg/_ros_can_motor_sta_s.c
-- Up-to-date: /home/piusr/92032_CAN/RosMsg/install/rosmsg/lib/python3.12/site-packages/rosmsg/msg/_ros_can_imu_msg.py
-- Up-to-date: /home/piusr/92032_CAN/RosMsg/install/rosmsg/lib/python3.12/site-packages/rosmsg/__init__.py
-- Up-to-date: /home/piusr/92032_CAN/RosMsg/install/rosmsg/lib/python3.12/site-packages/rosmsg/rosmsg_s__rosidl_typesupport_c.so
-- Up-to-date: /home/piusr/92032_CAN/RosMsg/install/rosmsg/lib/python3.12/site-packages/rosmsg/_rosmsg_s.ep.rosidl_typesupport_c.c
-- Up-to-date: /home/piusr/92032_CAN/RosMsg/install/rosmsg/lib/python3.12/site-packages/rosmsg/rosmsg_s__rosidl_typesupport_introspection_c.so
Listing '/home/piusr/92032_CAN/RosMsg/install/rosmsg/lib/python3.12/site-packages/rosmsg'...
Listing '/home/piusr/92032_CAN/RosMsg/install/rosmsg/lib/python3.12/site-packages/rosmsg/msg'...
-- Up-to-date: /home/piusr/92032_CAN/RosMsg/install/rosmsg/lib/python3.12/site-packages/rosmsg/rosmsg_s__rosidl_typesupport_fastrtps_c.so
-- Up-to-date: /home/piusr/92032_CAN/RosMsg/install/rosmsg/lib/python3.12/site-packages/rosmsg/rosmsg_s__rosidl_typesupport_introspection_c.so
-- Up-to-date: /home/piusr/92032_CAN/RosMsg/install/rosmsg/lib/python3.12/site-packages/rosmsg/rosmsg_s__rosidl_typesupport_c.so
-- Up-to-date: /home/piusr/92032_CAN/RosMsg/install/rosmsg/lib/librosmsg__rosidl_generator_py.so
-- Up-to-date: /home/piusr/92032_CAN/RosMsg/install/rosmsg/share/rosmsg/msg/RosCanMotorSta.idl
-- Up-to-date: /home/piusr/92032_CAN/RosMsg/install/rosmsg/share/rosmsg/msg/RosCanMotorTgt.idl
-- Up-to-date: /home/piusr/92032_CAN/RosMsg/install/rosmsg/share/rosmsg/msg/RosCanImuMsg.idl
-- Up-to-date: /home/piusr/92032_CAN/RosMsg/install/rosmsg/share/rosmsg/msg/MotorInputMsg.idl
-- Up-to-date: /home/piusr/92032_CAN/RosMsg/install/rosmsg/share/rosmsg/msg/MotorOutputMsg.idl
-- Up-to-date: /home/piusr/92032_CAN/RosMsg/install/rosmsg/share/rosmsg/msg/RosCanMotorSta.msg
-- Up-to-date: /home/piusr/92032_CAN/RosMsg/install/rosmsg/share/rosmsg/msg/RosCanMotorTgt.msg
-- Up-to-date: /home/piusr/92032_CAN/RosMsg/install/rosmsg/share/rosmsg/msg/RosCanImuMsg.msg
-- Up-to-date: /home/piusr/92032_CAN/RosMsg/install/rosmsg/share/rosmsg/msg/MotorInputMsg.msg
-- Up-to-date: /home/piusr/92032_CAN/RosMsg/install/rosmsg/share/rosmsg/msg/MotorOutputMsg.msg
-- Up-to-date: /home/piusr/92032_CAN/RosMsg/install/rosmsg/share/ament_index/resource_index/package_run_dependencies/rosmsg
-- Up-to-date: /home/piusr/92032_CAN/RosMsg/install/rosmsg/share/ament_index/resource_index/parent_prefix_path/rosmsg
-- Up-to-date: /home/piusr/92032_CAN/RosMsg/install/rosmsg/share/rosmsg/environment/ament_prefix_path.sh
-- Up-to-date: /home/piusr/92032_CAN/RosMsg/install/rosmsg/share/rosmsg/environment/ament_prefix_path.dsv
-- Up-to-date: /home/piusr/92032_CAN/RosMsg/install/rosmsg/share/rosmsg/environment/path.sh
-- Up-to-date: /home/piusr/92032_CAN/RosMsg/install/rosmsg/share/rosmsg/environment/path.dsv
-- Up-to-date: /home/piusr/92032_CAN/RosMsg/install/rosmsg/share/rosmsg/local_setup.bash
-- Up-to-date: /home/piusr/92032_CAN/RosMsg/install/rosmsg/share/rosmsg/local_setup.sh
-- Up-to-date: /home/piusr/92032_CAN/RosMsg/install/rosmsg/share/rosmsg/local_setup.zsh
-- Up-to-date: /home/piusr/92032_CAN/RosMsg/install/rosmsg/share/rosmsg/local_setup.dsv
-- Installing: /home/piusr/92032_CAN/RosMsg/install/rosmsg/share/rosmsg/package.dsv
-- Up-to-date: /home/piusr/92032_CAN/RosMsg/install/rosmsg/share/ament_index/resource_index/packages/rosmsg
-- Up-to-date: /home/piusr/92032_CAN/RosMsg/install/rosmsg/share/rosmsg/cmake/export_rosmsg__rosidl_generator_cExport.cmake
-- Up-to-date: /home/piusr/92032_CAN/RosMsg/install/rosmsg/share/rosmsg/cmake/export_rosmsg__rosidl_generator_cExport-noconfig.cmake
-- Up-to-date: /home/piusr/92032_CAN/RosMsg/install/rosmsg/share/rosmsg/cmake/export_rosmsg__rosidl_typesupport_fastrtps_cExport.cmake
-- Up-to-date: /home/piusr/92032_CAN/RosMsg/install/rosmsg/share/rosmsg/cmake/export_rosmsg__rosidl_typesupport_fastrtps_cExport-noconfig.cmake
-- Up-to-date: /home/piusr/92032_CAN/RosMsg/install/rosmsg/share/rosmsg/cmake/export_rosmsg__rosidl_generator_cppExport.cmake
-- Up-to-date: /home/piusr/92032_CAN/RosMsg/install/rosmsg/share/rosmsg/cmake/export_rosmsg__rosidl_typesupport_fastrtps_cppExport.cmake
-- Up-to-date: /home/piusr/92032_CAN/RosMsg/install/rosmsg/share/rosmsg/cmake/export_rosmsg__rosidl_typesupport_fastrtps_cppExport-noconfig.cmake
-- Up-to-date: /home/piusr/92032_CAN/RosMsg/install/rosmsg/share/rosmsg/cmake/rosmsg__rosidl_typesupport_introspection_cExport.cmake
-- Up-to-date: /home/piusr/92032_CAN/RosMsg/install/rosmsg/share/rosmsg/cmake/rosmsg__rosidl_typesupport_introspection_cExport-noconfig.cmake
-- Up-to-date: /home/piusr/92032_CAN/RosMsg/install/rosmsg/share/rosmsg/cmake/rosmsg__rosidl_typesupport_cExport.cmake
-- Up-to-date: /home/piusr/92032_CAN/RosMsg/install/rosmsg/share/rosmsg/cmake/rosmsg__rosidl_typesupport_cExport-noconfig.cmake
-- Up-to-date: /home/piusr/92032_CAN/RosMsg/install/rosmsg/share/rosmsg/cmake/rosmsg__rosidl_typesupport_introspection_cppExport.cmake
-- Up-to-date: /home/piusr/92032_CAN/RosMsg/install/rosmsg/share/rosmsg/cmake/rosmsg__rosidl_typesupport_introspection_cppExport-noconfig.cmake
-- Up-to-date: /home/piusr/92032_CAN/RosMsg/install/rosmsg/share/rosmsg/cmake/rosmsg__rosidl_typesupport_cppExport.cmake
-- Up-to-date: /home/piusr/92032_CAN/RosMsg/install/rosmsg/share/rosmsg/cmake/rosmsg__rosidl_typesupport_cppExport-noconfig.cmake
-- Up-to-date: /home/piusr/92032_CAN/RosMsg/install/rosmsg/share/rosmsg/cmake/export_rosmsg__rosidl_generator_pyExport.cmake
-- Up-to-date: /home/piusr/92032_CAN/RosMsg/install/rosmsg/share/rosmsg/cmake/export_rosmsg__rosidl_generator_pyExport-noconfig.cmake
-- Up-to-date: /home/piusr/92032_CAN/RosMsg/install/rosmsg/share/rosmsg/cmake/rosidl_cmake-extras.cmake
-- Up-to-date: /home/piusr/92032_CAN/RosMsg/install/rosmsg/share/rosmsg/cmake/ament_cmake_export_include_directories-extras.cmake
-- Up-to-date: /home/piusr/92032_CAN/RosMsg/install/rosmsg/share/rosmsg/cmake/ament_cmake_export_libraries-extras.cmake
-- Up-to-date: /home/piusr/92032_CAN/RosMsg/install/rosmsg/share/rosmsg/cmake/ament_cmake_export_targets-extras.cmake
-- Up-to-date: /home/piusr/92032_CAN/RosMsg/install/rosmsg/share/rosmsg/cmake/rosidl_cmake_export_typesupport_targets-extras.cmake
-- Up-to-date: /home/piusr/92032_CAN/RosMsg/install/rosmsg/share/rosmsg/cmake/ament_cmake_export_dependencies-extras.cmake
-- Up-to-date: /home/piusr/92032_CAN/RosMsg/install/rosmsg/share/rosmsg/cmake/rosidl_cmake_export_typesupport_libraries-extras.cmake
-- Up-to-date: /home/piusr/92032_CAN/RosMsg/install/rosmsg/share/rosmsg/cmake/rosmsgConfig.cmake
-- Up-to-date: /home/piusr/92032_CAN/RosMsg/install/rosmsg/share/rosmsg/cmake/rosmsgConfig-version.cmake
-- Up-to-date: /home/piusr/92032_CAN/RosMsg/install/rosmsg/share/rosmsg/package.xml
