[0.023s] Invoking command in '/home/piusr/92032_CAN/RosMsg/build/rosmsg': CMAKE_PREFIX_PATH=${CMAKE_PREFIX_PATH}:/opt/ros/jazzy DEBUGINFOD_URLS=https://debuginfod.ubuntu.com /usr/bin/cmake --build /home/piusr/92032_CAN/RosMsg/build/rosmsg -- -j4 -l4
[0.132s] [  1%] Built target rosmsg__rosidl_generator_type_description
[0.151s] [  1%] Built target ament_cmake_python_copy_rosmsg
[0.172s] [  2%] Built target rosmsg__cpp
[0.211s] [ 25%] Built target rosmsg__rosidl_generator_c
[0.288s] [ 35%] Built target rosmsg__rosidl_typesupport_fastrtps_c
[0.291s] [ 44%] Built target rosmsg__rosidl_typesupport_cpp
[0.326s] [ 54%] Built target rosmsg__rosidl_typesupport_fastrtps_cpp
[0.346s] [ 63%] Built target rosmsg__rosidl_typesupport_introspection_c
[0.351s] [ 72%] Built target rosmsg__rosidl_typesupport_c
[0.377s] [ 82%] Built target rosmsg__rosidl_typesupport_introspection_cpp
[0.418s] [ 82%] Built target rosmsg
[0.454s] [ 83%] Built target rosmsg__py
[0.499s] [ 91%] Built target rosmsg__rosidl_generator_py
[0.549s] [ 97%] Built target rosmsg_s__rosidl_typesupport_fastrtps_c
[0.550s] [ 97%] Built target rosmsg_s__rosidl_typesupport_c
[0.553s] [100%] Built target rosmsg_s__rosidl_typesupport_introspection_c
[0.574s] running egg_info
[0.598s] writing rosmsg.egg-info/PKG-INFO
[0.598s] writing dependency_links to rosmsg.egg-info/dependency_links.txt
[0.599s] writing top-level names to rosmsg.egg-info/top_level.txt
[0.672s] reading manifest file 'rosmsg.egg-info/SOURCES.txt'
[0.672s] writing manifest file 'rosmsg.egg-info/SOURCES.txt'
[0.743s] [100%] Built target ament_cmake_python_build_rosmsg_egg
[0.764s] Invoked command in '/home/piusr/92032_CAN/RosMsg/build/rosmsg' returned '0': CMAKE_PREFIX_PATH=${CMAKE_PREFIX_PATH}:/opt/ros/jazzy DEBUGINFOD_URLS=https://debuginfod.ubuntu.com /usr/bin/cmake --build /home/piusr/92032_CAN/RosMsg/build/rosmsg -- -j4 -l4
[0.783s] Invoking command in '/home/piusr/92032_CAN/RosMsg/build/rosmsg': CMAKE_PREFIX_PATH=${CMAKE_PREFIX_PATH}:/opt/ros/jazzy DEBUGINFOD_URLS=https://debuginfod.ubuntu.com /usr/bin/cmake --install /home/piusr/92032_CAN/RosMsg/build/rosmsg
[0.797s] -- Install configuration: ""
[0.798s] -- Up-to-date: /home/piusr/92032_CAN/RosMsg/install/rosmsg/share/ament_index/resource_index/rosidl_interfaces/rosmsg
[0.798s] -- Up-to-date: /home/piusr/92032_CAN/RosMsg/install/rosmsg/share/rosmsg/msg/RosCanMotorSta.json
[0.798s] -- Up-to-date: /home/piusr/92032_CAN/RosMsg/install/rosmsg/share/rosmsg/msg/RosCanMotorTgt.json
[0.798s] -- Up-to-date: /home/piusr/92032_CAN/RosMsg/install/rosmsg/share/rosmsg/msg/RosCanImuMsg.json
[0.799s] -- Up-to-date: /home/piusr/92032_CAN/RosMsg/install/rosmsg/share/rosmsg/msg/MotorInputMsg.json
[0.799s] -- Up-to-date: /home/piusr/92032_CAN/RosMsg/install/rosmsg/share/rosmsg/msg/MotorOutputMsg.json
[0.799s] -- Up-to-date: /home/piusr/92032_CAN/RosMsg/install/rosmsg/include/rosmsg/rosmsg
[0.799s] -- Up-to-date: /home/piusr/92032_CAN/RosMsg/install/rosmsg/include/rosmsg/rosmsg/msg
[0.799s] -- Up-to-date: /home/piusr/92032_CAN/RosMsg/install/rosmsg/include/rosmsg/rosmsg/msg/ros_can_motor_tgt.h
[0.799s] -- Up-to-date: /home/piusr/92032_CAN/RosMsg/install/rosmsg/include/rosmsg/rosmsg/msg/motor_output_msg.h
[0.799s] -- Up-to-date: /home/piusr/92032_CAN/RosMsg/install/rosmsg/include/rosmsg/rosmsg/msg/rosidl_generator_c__visibility_control.h
[0.799s] -- Up-to-date: /home/piusr/92032_CAN/RosMsg/install/rosmsg/include/rosmsg/rosmsg/msg/motor_input_msg.h
[0.799s] -- Up-to-date: /home/piusr/92032_CAN/RosMsg/install/rosmsg/include/rosmsg/rosmsg/msg/ros_can_motor_sta.h
[0.799s] -- Up-to-date: /home/piusr/92032_CAN/RosMsg/install/rosmsg/include/rosmsg/rosmsg/msg/detail
[0.800s] -- Up-to-date: /home/piusr/92032_CAN/RosMsg/install/rosmsg/include/rosmsg/rosmsg/msg/detail/ros_can_motor_sta__functions.h
[0.800s] -- Up-to-date: /home/piusr/92032_CAN/RosMsg/install/rosmsg/include/rosmsg/rosmsg/msg/detail/ros_can_imu_msg__functions.h
[0.800s] -- Up-to-date: /home/piusr/92032_CAN/RosMsg/install/rosmsg/include/rosmsg/rosmsg/msg/detail/ros_can_imu_msg__struct.h
[0.800s] -- Up-to-date: /home/piusr/92032_CAN/RosMsg/install/rosmsg/include/rosmsg/rosmsg/msg/detail/motor_input_msg__type_support.h
[0.800s] -- Up-to-date: /home/piusr/92032_CAN/RosMsg/install/rosmsg/include/rosmsg/rosmsg/msg/detail/ros_can_motor_tgt__functions.c
[0.800s] -- Up-to-date: /home/piusr/92032_CAN/RosMsg/install/rosmsg/include/rosmsg/rosmsg/msg/detail/motor_output_msg__functions.c
[0.801s] -- Up-to-date: /home/piusr/92032_CAN/RosMsg/install/rosmsg/include/rosmsg/rosmsg/msg/detail/motor_output_msg__type_support.h
[0.801s] -- Up-to-date: /home/piusr/92032_CAN/RosMsg/install/rosmsg/include/rosmsg/rosmsg/msg/detail/ros_can_motor_tgt__functions.h
[0.801s] -- Up-to-date: /home/piusr/92032_CAN/RosMsg/install/rosmsg/include/rosmsg/rosmsg/msg/detail/motor_output_msg__functions.h
[0.802s] -- Up-to-date: /home/piusr/92032_CAN/RosMsg/install/rosmsg/include/rosmsg/rosmsg/msg/detail/ros_can_motor_tgt__struct.h
[0.802s] -- Up-to-date: /home/piusr/92032_CAN/RosMsg/install/rosmsg/include/rosmsg/rosmsg/msg/detail/ros_can_motor_sta__description.c
[0.802s] -- Up-to-date: /home/piusr/92032_CAN/RosMsg/install/rosmsg/include/rosmsg/rosmsg/msg/detail/motor_output_msg__description.c
[0.802s] -- Up-to-date: /home/piusr/92032_CAN/RosMsg/install/rosmsg/include/rosmsg/rosmsg/msg/detail/ros_can_motor_sta__functions.c
[0.802s] -- Up-to-date: /home/piusr/92032_CAN/RosMsg/install/rosmsg/include/rosmsg/rosmsg/msg/detail/ros_can_imu_msg__type_support.h
[0.802s] -- Up-to-date: /home/piusr/92032_CAN/RosMsg/install/rosmsg/include/rosmsg/rosmsg/msg/detail/motor_input_msg__description.c
[0.803s] -- Up-to-date: /home/piusr/92032_CAN/RosMsg/install/rosmsg/include/rosmsg/rosmsg/msg/detail/ros_can_motor_sta__type_support.c
[0.803s] -- Up-to-date: /home/piusr/92032_CAN/RosMsg/install/rosmsg/include/rosmsg/rosmsg/msg/detail/ros_can_imu_msg__description.c
[0.803s] -- Up-to-date: /home/piusr/92032_CAN/RosMsg/install/rosmsg/include/rosmsg/rosmsg/msg/detail/ros_can_motor_tgt__type_support.c
[0.803s] -- Up-to-date: /home/piusr/92032_CAN/RosMsg/install/rosmsg/include/rosmsg/rosmsg/msg/detail/motor_output_msg__type_support.c
[0.803s] -- Up-to-date: /home/piusr/92032_CAN/RosMsg/install/rosmsg/include/rosmsg/rosmsg/msg/detail/ros_can_imu_msg__type_support.c
[0.803s] -- Up-to-date: /home/piusr/92032_CAN/RosMsg/install/rosmsg/include/rosmsg/rosmsg/msg/detail/ros_can_motor_tgt__description.c
[0.803s] -- Up-to-date: /home/piusr/92032_CAN/RosMsg/install/rosmsg/include/rosmsg/rosmsg/msg/detail/motor_input_msg__functions.h
[0.803s] -- Up-to-date: /home/piusr/92032_CAN/RosMsg/install/rosmsg/include/rosmsg/rosmsg/msg/detail/ros_can_motor_sta__struct.h
[0.804s] -- Up-to-date: /home/piusr/92032_CAN/RosMsg/install/rosmsg/include/rosmsg/rosmsg/msg/detail/ros_can_motor_sta__type_support.h
[0.804s] -- Up-to-date: /home/piusr/92032_CAN/RosMsg/install/rosmsg/include/rosmsg/rosmsg/msg/detail/ros_can_imu_msg__functions.c
[0.805s] -- Up-to-date: /home/piusr/92032_CAN/RosMsg/install/rosmsg/include/rosmsg/rosmsg/msg/detail/motor_output_msg__struct.h
[0.805s] -- Up-to-date: /home/piusr/92032_CAN/RosMsg/install/rosmsg/include/rosmsg/rosmsg/msg/detail/motor_input_msg__type_support.c
[0.805s] -- Up-to-date: /home/piusr/92032_CAN/RosMsg/install/rosmsg/include/rosmsg/rosmsg/msg/detail/motor_input_msg__struct.h
[0.805s] -- Up-to-date: /home/piusr/92032_CAN/RosMsg/install/rosmsg/include/rosmsg/rosmsg/msg/detail/ros_can_motor_tgt__type_support.h
[0.805s] -- Up-to-date: /home/piusr/92032_CAN/RosMsg/install/rosmsg/include/rosmsg/rosmsg/msg/detail/motor_input_msg__functions.c
[0.806s] -- Up-to-date: /home/piusr/92032_CAN/RosMsg/install/rosmsg/include/rosmsg/rosmsg/msg/ros_can_imu_msg.h
[0.806s] -- Up-to-date: /home/piusr/92032_CAN/RosMsg/install/rosmsg/share/rosmsg/environment/library_path.sh
[0.806s] -- Up-to-date: /home/piusr/92032_CAN/RosMsg/install/rosmsg/share/rosmsg/environment/library_path.dsv
[0.806s] -- Up-to-date: /home/piusr/92032_CAN/RosMsg/install/rosmsg/lib/librosmsg__rosidl_generator_c.so
[0.806s] -- Up-to-date: /home/piusr/92032_CAN/RosMsg/install/rosmsg/include/rosmsg/rosmsg
[0.806s] -- Up-to-date: /home/piusr/92032_CAN/RosMsg/install/rosmsg/include/rosmsg/rosmsg/msg
[0.806s] -- Up-to-date: /home/piusr/92032_CAN/RosMsg/install/rosmsg/include/rosmsg/rosmsg/msg/rosidl_typesupport_fastrtps_c__visibility_control.h
[0.806s] -- Up-to-date: /home/piusr/92032_CAN/RosMsg/install/rosmsg/include/rosmsg/rosmsg/msg/detail
[0.807s] -- Up-to-date: /home/piusr/92032_CAN/RosMsg/install/rosmsg/include/rosmsg/rosmsg/msg/detail/motor_input_msg__rosidl_typesupport_fastrtps_c.h
[0.807s] -- Up-to-date: /home/piusr/92032_CAN/RosMsg/install/rosmsg/include/rosmsg/rosmsg/msg/detail/ros_can_imu_msg__rosidl_typesupport_fastrtps_c.h
[0.807s] -- Up-to-date: /home/piusr/92032_CAN/RosMsg/install/rosmsg/include/rosmsg/rosmsg/msg/detail/motor_output_msg__rosidl_typesupport_fastrtps_c.h
[0.807s] -- Up-to-date: /home/piusr/92032_CAN/RosMsg/install/rosmsg/include/rosmsg/rosmsg/msg/detail/ros_can_motor_tgt__rosidl_typesupport_fastrtps_c.h
[0.807s] -- Up-to-date: /home/piusr/92032_CAN/RosMsg/install/rosmsg/include/rosmsg/rosmsg/msg/detail/ros_can_motor_sta__rosidl_typesupport_fastrtps_c.h
[0.807s] -- Up-to-date: /home/piusr/92032_CAN/RosMsg/install/rosmsg/lib/librosmsg__rosidl_typesupport_fastrtps_c.so
[0.807s] -- Up-to-date: /home/piusr/92032_CAN/RosMsg/install/rosmsg/include/rosmsg/rosmsg
[0.807s] -- Up-to-date: /home/piusr/92032_CAN/RosMsg/install/rosmsg/include/rosmsg/rosmsg/msg
[0.807s] -- Up-to-date: /home/piusr/92032_CAN/RosMsg/install/rosmsg/include/rosmsg/rosmsg/msg/ros_can_motor_tgt.hpp
[0.807s] -- Up-to-date: /home/piusr/92032_CAN/RosMsg/install/rosmsg/include/rosmsg/rosmsg/msg/rosidl_generator_cpp__visibility_control.hpp
[0.808s] -- Up-to-date: /home/piusr/92032_CAN/RosMsg/install/rosmsg/include/rosmsg/rosmsg/msg/ros_can_motor_sta.hpp
[0.808s] -- Up-to-date: /home/piusr/92032_CAN/RosMsg/install/rosmsg/include/rosmsg/rosmsg/msg/ros_can_imu_msg.hpp
[0.808s] -- Up-to-date: /home/piusr/92032_CAN/RosMsg/install/rosmsg/include/rosmsg/rosmsg/msg/motor_output_msg.hpp
[0.808s] -- Up-to-date: /home/piusr/92032_CAN/RosMsg/install/rosmsg/include/rosmsg/rosmsg/msg/detail
[0.808s] -- Up-to-date: /home/piusr/92032_CAN/RosMsg/install/rosmsg/include/rosmsg/rosmsg/msg/detail/ros_can_motor_tgt__builder.hpp
[0.808s] -- Up-to-date: /home/piusr/92032_CAN/RosMsg/install/rosmsg/include/rosmsg/rosmsg/msg/detail/ros_can_motor_tgt__struct.hpp
[0.808s] -- Up-to-date: /home/piusr/92032_CAN/RosMsg/install/rosmsg/include/rosmsg/rosmsg/msg/detail/motor_input_msg__struct.hpp
[0.808s] -- Up-to-date: /home/piusr/92032_CAN/RosMsg/install/rosmsg/include/rosmsg/rosmsg/msg/detail/ros_can_motor_sta__type_support.hpp
[0.808s] -- Up-to-date: /home/piusr/92032_CAN/RosMsg/install/rosmsg/include/rosmsg/rosmsg/msg/detail/motor_output_msg__traits.hpp
[0.808s] -- Up-to-date: /home/piusr/92032_CAN/RosMsg/install/rosmsg/include/rosmsg/rosmsg/msg/detail/ros_can_imu_msg__struct.hpp
[0.808s] -- Up-to-date: /home/piusr/92032_CAN/RosMsg/install/rosmsg/include/rosmsg/rosmsg/msg/detail/motor_input_msg__builder.hpp
[0.809s] -- Up-to-date: /home/piusr/92032_CAN/RosMsg/install/rosmsg/include/rosmsg/rosmsg/msg/detail/ros_can_imu_msg__type_support.hpp
[0.809s] -- Up-to-date: /home/piusr/92032_CAN/RosMsg/install/rosmsg/include/rosmsg/rosmsg/msg/detail/ros_can_motor_tgt__traits.hpp
[0.809s] -- Up-to-date: /home/piusr/92032_CAN/RosMsg/install/rosmsg/include/rosmsg/rosmsg/msg/detail/ros_can_imu_msg__builder.hpp
[0.809s] -- Up-to-date: /home/piusr/92032_CAN/RosMsg/install/rosmsg/include/rosmsg/rosmsg/msg/detail/motor_output_msg__type_support.hpp
[0.809s] -- Up-to-date: /home/piusr/92032_CAN/RosMsg/install/rosmsg/include/rosmsg/rosmsg/msg/detail/motor_output_msg__struct.hpp
[0.809s] -- Up-to-date: /home/piusr/92032_CAN/RosMsg/install/rosmsg/include/rosmsg/rosmsg/msg/detail/motor_input_msg__type_support.hpp
[0.809s] -- Up-to-date: /home/piusr/92032_CAN/RosMsg/install/rosmsg/include/rosmsg/rosmsg/msg/detail/ros_can_motor_sta__builder.hpp
[0.809s] -- Up-to-date: /home/piusr/92032_CAN/RosMsg/install/rosmsg/include/rosmsg/rosmsg/msg/detail/ros_can_imu_msg__traits.hpp
[0.809s] -- Up-to-date: /home/piusr/92032_CAN/RosMsg/install/rosmsg/include/rosmsg/rosmsg/msg/detail/ros_can_motor_sta__traits.hpp
[0.809s] -- Up-to-date: /home/piusr/92032_CAN/RosMsg/install/rosmsg/include/rosmsg/rosmsg/msg/detail/ros_can_motor_tgt__type_support.hpp
[0.809s] -- Up-to-date: /home/piusr/92032_CAN/RosMsg/install/rosmsg/include/rosmsg/rosmsg/msg/detail/motor_input_msg__traits.hpp
[0.810s] -- Up-to-date: /home/piusr/92032_CAN/RosMsg/install/rosmsg/include/rosmsg/rosmsg/msg/detail/motor_output_msg__builder.hpp
[0.810s] -- Up-to-date: /home/piusr/92032_CAN/RosMsg/install/rosmsg/include/rosmsg/rosmsg/msg/detail/ros_can_motor_sta__struct.hpp
[0.810s] -- Up-to-date: /home/piusr/92032_CAN/RosMsg/install/rosmsg/include/rosmsg/rosmsg/msg/motor_input_msg.hpp
[0.810s] -- Up-to-date: /home/piusr/92032_CAN/RosMsg/install/rosmsg/include/rosmsg/rosmsg
[0.810s] -- Up-to-date: /home/piusr/92032_CAN/RosMsg/install/rosmsg/include/rosmsg/rosmsg/msg
[0.810s] -- Up-to-date: /home/piusr/92032_CAN/RosMsg/install/rosmsg/include/rosmsg/rosmsg/msg/rosidl_typesupport_fastrtps_cpp__visibility_control.h
[0.810s] -- Up-to-date: /home/piusr/92032_CAN/RosMsg/install/rosmsg/include/rosmsg/rosmsg/msg/detail
[0.810s] -- Up-to-date: /home/piusr/92032_CAN/RosMsg/install/rosmsg/include/rosmsg/rosmsg/msg/detail/ros_can_motor_tgt__rosidl_typesupport_fastrtps_cpp.hpp
[0.810s] -- Up-to-date: /home/piusr/92032_CAN/RosMsg/install/rosmsg/include/rosmsg/rosmsg/msg/detail/motor_output_msg__rosidl_typesupport_fastrtps_cpp.hpp
[0.810s] -- Up-to-date: /home/piusr/92032_CAN/RosMsg/install/rosmsg/include/rosmsg/rosmsg/msg/detail/ros_can_motor_sta__rosidl_typesupport_fastrtps_cpp.hpp
[0.810s] -- Up-to-date: /home/piusr/92032_CAN/RosMsg/install/rosmsg/include/rosmsg/rosmsg/msg/detail/dds_fastrtps
[0.810s] -- Up-to-date: /home/piusr/92032_CAN/RosMsg/install/rosmsg/include/rosmsg/rosmsg/msg/detail/motor_input_msg__rosidl_typesupport_fastrtps_cpp.hpp
[0.811s] -- Up-to-date: /home/piusr/92032_CAN/RosMsg/install/rosmsg/include/rosmsg/rosmsg/msg/detail/ros_can_imu_msg__rosidl_typesupport_fastrtps_cpp.hpp
[0.811s] -- Up-to-date: /home/piusr/92032_CAN/RosMsg/install/rosmsg/lib/librosmsg__rosidl_typesupport_fastrtps_cpp.so
[0.811s] -- Up-to-date: /home/piusr/92032_CAN/RosMsg/install/rosmsg/include/rosmsg/rosmsg
[0.811s] -- Up-to-date: /home/piusr/92032_CAN/RosMsg/install/rosmsg/include/rosmsg/rosmsg/msg
[0.811s] -- Up-to-date: /home/piusr/92032_CAN/RosMsg/install/rosmsg/include/rosmsg/rosmsg/msg/rosidl_typesupport_introspection_c__visibility_control.h
[0.811s] -- Up-to-date: /home/piusr/92032_CAN/RosMsg/install/rosmsg/include/rosmsg/rosmsg/msg/detail
[0.811s] -- Up-to-date: /home/piusr/92032_CAN/RosMsg/install/rosmsg/include/rosmsg/rosmsg/msg/detail/ros_can_imu_msg__rosidl_typesupport_introspection_c.h
[0.811s] -- Up-to-date: /home/piusr/92032_CAN/RosMsg/install/rosmsg/include/rosmsg/rosmsg/msg/detail/ros_can_motor_tgt__rosidl_typesupport_introspection_c.h
[0.811s] -- Up-to-date: /home/piusr/92032_CAN/RosMsg/install/rosmsg/include/rosmsg/rosmsg/msg/detail/motor_input_msg__rosidl_typesupport_introspection_c.h
[0.811s] -- Up-to-date: /home/piusr/92032_CAN/RosMsg/install/rosmsg/include/rosmsg/rosmsg/msg/detail/ros_can_motor_sta__type_support.c
[0.811s] -- Up-to-date: /home/piusr/92032_CAN/RosMsg/install/rosmsg/include/rosmsg/rosmsg/msg/detail/ros_can_motor_tgt__type_support.c
[0.811s] -- Up-to-date: /home/piusr/92032_CAN/RosMsg/install/rosmsg/include/rosmsg/rosmsg/msg/detail/motor_output_msg__type_support.c
[0.811s] -- Up-to-date: /home/piusr/92032_CAN/RosMsg/install/rosmsg/include/rosmsg/rosmsg/msg/detail/ros_can_imu_msg__type_support.c
[0.812s] -- Up-to-date: /home/piusr/92032_CAN/RosMsg/install/rosmsg/include/rosmsg/rosmsg/msg/detail/ros_can_motor_sta__rosidl_typesupport_introspection_c.h
[0.812s] -- Up-to-date: /home/piusr/92032_CAN/RosMsg/install/rosmsg/include/rosmsg/rosmsg/msg/detail/motor_input_msg__type_support.c
[0.812s] -- Up-to-date: /home/piusr/92032_CAN/RosMsg/install/rosmsg/include/rosmsg/rosmsg/msg/detail/motor_output_msg__rosidl_typesupport_introspection_c.h
[0.812s] -- Up-to-date: /home/piusr/92032_CAN/RosMsg/install/rosmsg/lib/librosmsg__rosidl_typesupport_introspection_c.so
[0.812s] -- Up-to-date: /home/piusr/92032_CAN/RosMsg/install/rosmsg/lib/librosmsg__rosidl_typesupport_c.so
[0.812s] -- Up-to-date: /home/piusr/92032_CAN/RosMsg/install/rosmsg/include/rosmsg/rosmsg
[0.812s] -- Up-to-date: /home/piusr/92032_CAN/RosMsg/install/rosmsg/include/rosmsg/rosmsg/msg
[0.812s] -- Up-to-date: /home/piusr/92032_CAN/RosMsg/install/rosmsg/include/rosmsg/rosmsg/msg/detail
[0.812s] -- Up-to-date: /home/piusr/92032_CAN/RosMsg/install/rosmsg/include/rosmsg/rosmsg/msg/detail/motor_input_msg__rosidl_typesupport_introspection_cpp.hpp
[0.812s] -- Up-to-date: /home/piusr/92032_CAN/RosMsg/install/rosmsg/include/rosmsg/rosmsg/msg/detail/ros_can_motor_tgt__type_support.cpp
[0.812s] -- Up-to-date: /home/piusr/92032_CAN/RosMsg/install/rosmsg/include/rosmsg/rosmsg/msg/detail/motor_input_msg__type_support.cpp
[0.812s] -- Up-to-date: /home/piusr/92032_CAN/RosMsg/install/rosmsg/include/rosmsg/rosmsg/msg/detail/ros_can_motor_sta__rosidl_typesupport_introspection_cpp.hpp
[0.812s] -- Up-to-date: /home/piusr/92032_CAN/RosMsg/install/rosmsg/include/rosmsg/rosmsg/msg/detail/ros_can_motor_tgt__rosidl_typesupport_introspection_cpp.hpp
[0.812s] -- Up-to-date: /home/piusr/92032_CAN/RosMsg/install/rosmsg/include/rosmsg/rosmsg/msg/detail/motor_output_msg__rosidl_typesupport_introspection_cpp.hpp
[0.813s] -- Up-to-date: /home/piusr/92032_CAN/RosMsg/install/rosmsg/include/rosmsg/rosmsg/msg/detail/ros_can_imu_msg__rosidl_typesupport_introspection_cpp.hpp
[0.813s] -- Up-to-date: /home/piusr/92032_CAN/RosMsg/install/rosmsg/include/rosmsg/rosmsg/msg/detail/motor_output_msg__type_support.cpp
[0.813s] -- Up-to-date: /home/piusr/92032_CAN/RosMsg/install/rosmsg/include/rosmsg/rosmsg/msg/detail/ros_can_imu_msg__type_support.cpp
[0.813s] -- Up-to-date: /home/piusr/92032_CAN/RosMsg/install/rosmsg/include/rosmsg/rosmsg/msg/detail/ros_can_motor_sta__type_support.cpp
[0.813s] -- Up-to-date: /home/piusr/92032_CAN/RosMsg/install/rosmsg/lib/librosmsg__rosidl_typesupport_introspection_cpp.so
[0.813s] -- Up-to-date: /home/piusr/92032_CAN/RosMsg/install/rosmsg/lib/librosmsg__rosidl_typesupport_cpp.so
[0.813s] -- Up-to-date: /home/piusr/92032_CAN/RosMsg/install/rosmsg/share/rosmsg/environment/pythonpath.sh
[0.813s] -- Up-to-date: /home/piusr/92032_CAN/RosMsg/install/rosmsg/share/rosmsg/environment/pythonpath.dsv
[0.813s] -- Up-to-date: /home/piusr/92032_CAN/RosMsg/install/rosmsg/lib/python3.12/site-packages/rosmsg-0.0.0-py3.12.egg-info
[0.813s] -- Installing: /home/piusr/92032_CAN/RosMsg/install/rosmsg/lib/python3.12/site-packages/rosmsg-0.0.0-py3.12.egg-info/dependency_links.txt
[0.813s] -- Installing: /home/piusr/92032_CAN/RosMsg/install/rosmsg/lib/python3.12/site-packages/rosmsg-0.0.0-py3.12.egg-info/top_level.txt
[0.813s] -- Installing: /home/piusr/92032_CAN/RosMsg/install/rosmsg/lib/python3.12/site-packages/rosmsg-0.0.0-py3.12.egg-info/SOURCES.txt
[0.813s] -- Installing: /home/piusr/92032_CAN/RosMsg/install/rosmsg/lib/python3.12/site-packages/rosmsg-0.0.0-py3.12.egg-info/PKG-INFO
[0.814s] -- Up-to-date: /home/piusr/92032_CAN/RosMsg/install/rosmsg/lib/python3.12/site-packages/rosmsg
[0.814s] -- Up-to-date: /home/piusr/92032_CAN/RosMsg/install/rosmsg/lib/python3.12/site-packages/rosmsg/_rosmsg_s.ep.rosidl_typesupport_introspection_c.c
[0.814s] -- Up-to-date: /home/piusr/92032_CAN/RosMsg/install/rosmsg/lib/python3.12/site-packages/rosmsg/rosmsg_s__rosidl_typesupport_fastrtps_c.so
[0.814s] -- Up-to-date: /home/piusr/92032_CAN/RosMsg/install/rosmsg/lib/python3.12/site-packages/rosmsg/_rosmsg_s.ep.rosidl_typesupport_fastrtps_c.c
[0.814s] -- Up-to-date: /home/piusr/92032_CAN/RosMsg/install/rosmsg/lib/python3.12/site-packages/rosmsg/msg
[0.814s] -- Up-to-date: /home/piusr/92032_CAN/RosMsg/install/rosmsg/lib/python3.12/site-packages/rosmsg/msg/_ros_can_motor_tgt_s.c
[0.814s] -- Up-to-date: /home/piusr/92032_CAN/RosMsg/install/rosmsg/lib/python3.12/site-packages/rosmsg/msg/_ros_can_imu_msg_s.c
[0.814s] -- Up-to-date: /home/piusr/92032_CAN/RosMsg/install/rosmsg/lib/python3.12/site-packages/rosmsg/msg/_motor_input_msg.py
[0.814s] -- Up-to-date: /home/piusr/92032_CAN/RosMsg/install/rosmsg/lib/python3.12/site-packages/rosmsg/msg/_motor_input_msg_s.c
[0.814s] -- Up-to-date: /home/piusr/92032_CAN/RosMsg/install/rosmsg/lib/python3.12/site-packages/rosmsg/msg/_motor_output_msg_s.c
[0.814s] -- Up-to-date: /home/piusr/92032_CAN/RosMsg/install/rosmsg/lib/python3.12/site-packages/rosmsg/msg/_ros_can_motor_sta.py
[0.814s] -- Up-to-date: /home/piusr/92032_CAN/RosMsg/install/rosmsg/lib/python3.12/site-packages/rosmsg/msg/__init__.py
[0.814s] -- Up-to-date: /home/piusr/92032_CAN/RosMsg/install/rosmsg/lib/python3.12/site-packages/rosmsg/msg/_motor_output_msg.py
[0.815s] -- Up-to-date: /home/piusr/92032_CAN/RosMsg/install/rosmsg/lib/python3.12/site-packages/rosmsg/msg/_ros_can_motor_tgt.py
[0.815s] -- Up-to-date: /home/piusr/92032_CAN/RosMsg/install/rosmsg/lib/python3.12/site-packages/rosmsg/msg/_ros_can_motor_sta_s.c
[0.815s] -- Up-to-date: /home/piusr/92032_CAN/RosMsg/install/rosmsg/lib/python3.12/site-packages/rosmsg/msg/_ros_can_imu_msg.py
[0.815s] -- Up-to-date: /home/piusr/92032_CAN/RosMsg/install/rosmsg/lib/python3.12/site-packages/rosmsg/__init__.py
[0.815s] -- Up-to-date: /home/piusr/92032_CAN/RosMsg/install/rosmsg/lib/python3.12/site-packages/rosmsg/rosmsg_s__rosidl_typesupport_c.so
[0.815s] -- Up-to-date: /home/piusr/92032_CAN/RosMsg/install/rosmsg/lib/python3.12/site-packages/rosmsg/_rosmsg_s.ep.rosidl_typesupport_c.c
[0.815s] -- Up-to-date: /home/piusr/92032_CAN/RosMsg/install/rosmsg/lib/python3.12/site-packages/rosmsg/rosmsg_s__rosidl_typesupport_introspection_c.so
[0.861s] Listing '/home/piusr/92032_CAN/RosMsg/install/rosmsg/lib/python3.12/site-packages/rosmsg'...
[0.861s] Listing '/home/piusr/92032_CAN/RosMsg/install/rosmsg/lib/python3.12/site-packages/rosmsg/msg'...
[0.873s] -- Up-to-date: /home/piusr/92032_CAN/RosMsg/install/rosmsg/lib/python3.12/site-packages/rosmsg/rosmsg_s__rosidl_typesupport_fastrtps_c.so
[0.873s] -- Up-to-date: /home/piusr/92032_CAN/RosMsg/install/rosmsg/lib/python3.12/site-packages/rosmsg/rosmsg_s__rosidl_typesupport_introspection_c.so
[0.874s] -- Up-to-date: /home/piusr/92032_CAN/RosMsg/install/rosmsg/lib/python3.12/site-packages/rosmsg/rosmsg_s__rosidl_typesupport_c.so
[0.874s] -- Up-to-date: /home/piusr/92032_CAN/RosMsg/install/rosmsg/lib/librosmsg__rosidl_generator_py.so
[0.874s] -- Up-to-date: /home/piusr/92032_CAN/RosMsg/install/rosmsg/share/rosmsg/msg/RosCanMotorSta.idl
[0.875s] -- Up-to-date: /home/piusr/92032_CAN/RosMsg/install/rosmsg/share/rosmsg/msg/RosCanMotorTgt.idl
[0.875s] -- Up-to-date: /home/piusr/92032_CAN/RosMsg/install/rosmsg/share/rosmsg/msg/RosCanImuMsg.idl
[0.875s] -- Up-to-date: /home/piusr/92032_CAN/RosMsg/install/rosmsg/share/rosmsg/msg/MotorInputMsg.idl
[0.875s] -- Up-to-date: /home/piusr/92032_CAN/RosMsg/install/rosmsg/share/rosmsg/msg/MotorOutputMsg.idl
[0.875s] -- Up-to-date: /home/piusr/92032_CAN/RosMsg/install/rosmsg/share/rosmsg/msg/RosCanMotorSta.msg
[0.875s] -- Up-to-date: /home/piusr/92032_CAN/RosMsg/install/rosmsg/share/rosmsg/msg/RosCanMotorTgt.msg
[0.875s] -- Up-to-date: /home/piusr/92032_CAN/RosMsg/install/rosmsg/share/rosmsg/msg/RosCanImuMsg.msg
[0.875s] -- Up-to-date: /home/piusr/92032_CAN/RosMsg/install/rosmsg/share/rosmsg/msg/MotorInputMsg.msg
[0.875s] -- Up-to-date: /home/piusr/92032_CAN/RosMsg/install/rosmsg/share/rosmsg/msg/MotorOutputMsg.msg
[0.875s] -- Up-to-date: /home/piusr/92032_CAN/RosMsg/install/rosmsg/share/ament_index/resource_index/package_run_dependencies/rosmsg
[0.876s] -- Up-to-date: /home/piusr/92032_CAN/RosMsg/install/rosmsg/share/ament_index/resource_index/parent_prefix_path/rosmsg
[0.876s] -- Up-to-date: /home/piusr/92032_CAN/RosMsg/install/rosmsg/share/rosmsg/environment/ament_prefix_path.sh
[0.876s] -- Up-to-date: /home/piusr/92032_CAN/RosMsg/install/rosmsg/share/rosmsg/environment/ament_prefix_path.dsv
[0.876s] -- Up-to-date: /home/piusr/92032_CAN/RosMsg/install/rosmsg/share/rosmsg/environment/path.sh
[0.876s] -- Up-to-date: /home/piusr/92032_CAN/RosMsg/install/rosmsg/share/rosmsg/environment/path.dsv
[0.876s] -- Up-to-date: /home/piusr/92032_CAN/RosMsg/install/rosmsg/share/rosmsg/local_setup.bash
[0.876s] -- Up-to-date: /home/piusr/92032_CAN/RosMsg/install/rosmsg/share/rosmsg/local_setup.sh
[0.876s] -- Up-to-date: /home/piusr/92032_CAN/RosMsg/install/rosmsg/share/rosmsg/local_setup.zsh
[0.876s] -- Up-to-date: /home/piusr/92032_CAN/RosMsg/install/rosmsg/share/rosmsg/local_setup.dsv
[0.876s] -- Installing: /home/piusr/92032_CAN/RosMsg/install/rosmsg/share/rosmsg/package.dsv
[0.876s] -- Up-to-date: /home/piusr/92032_CAN/RosMsg/install/rosmsg/share/ament_index/resource_index/packages/rosmsg
[0.876s] -- Up-to-date: /home/piusr/92032_CAN/RosMsg/install/rosmsg/share/rosmsg/cmake/export_rosmsg__rosidl_generator_cExport.cmake
[0.877s] -- Up-to-date: /home/piusr/92032_CAN/RosMsg/install/rosmsg/share/rosmsg/cmake/export_rosmsg__rosidl_generator_cExport-noconfig.cmake
[0.877s] -- Up-to-date: /home/piusr/92032_CAN/RosMsg/install/rosmsg/share/rosmsg/cmake/export_rosmsg__rosidl_typesupport_fastrtps_cExport.cmake
[0.877s] -- Up-to-date: /home/piusr/92032_CAN/RosMsg/install/rosmsg/share/rosmsg/cmake/export_rosmsg__rosidl_typesupport_fastrtps_cExport-noconfig.cmake
[0.877s] -- Up-to-date: /home/piusr/92032_CAN/RosMsg/install/rosmsg/share/rosmsg/cmake/export_rosmsg__rosidl_generator_cppExport.cmake
[0.877s] -- Up-to-date: /home/piusr/92032_CAN/RosMsg/install/rosmsg/share/rosmsg/cmake/export_rosmsg__rosidl_typesupport_fastrtps_cppExport.cmake
[0.877s] -- Up-to-date: /home/piusr/92032_CAN/RosMsg/install/rosmsg/share/rosmsg/cmake/export_rosmsg__rosidl_typesupport_fastrtps_cppExport-noconfig.cmake
[0.877s] -- Up-to-date: /home/piusr/92032_CAN/RosMsg/install/rosmsg/share/rosmsg/cmake/rosmsg__rosidl_typesupport_introspection_cExport.cmake
[0.877s] -- Up-to-date: /home/piusr/92032_CAN/RosMsg/install/rosmsg/share/rosmsg/cmake/rosmsg__rosidl_typesupport_introspection_cExport-noconfig.cmake
[0.877s] -- Up-to-date: /home/piusr/92032_CAN/RosMsg/install/rosmsg/share/rosmsg/cmake/rosmsg__rosidl_typesupport_cExport.cmake
[0.877s] -- Up-to-date: /home/piusr/92032_CAN/RosMsg/install/rosmsg/share/rosmsg/cmake/rosmsg__rosidl_typesupport_cExport-noconfig.cmake
[0.877s] -- Up-to-date: /home/piusr/92032_CAN/RosMsg/install/rosmsg/share/rosmsg/cmake/rosmsg__rosidl_typesupport_introspection_cppExport.cmake
[0.878s] -- Up-to-date: /home/piusr/92032_CAN/RosMsg/install/rosmsg/share/rosmsg/cmake/rosmsg__rosidl_typesupport_introspection_cppExport-noconfig.cmake
[0.878s] -- Up-to-date: /home/piusr/92032_CAN/RosMsg/install/rosmsg/share/rosmsg/cmake/rosmsg__rosidl_typesupport_cppExport.cmake
[0.878s] -- Up-to-date: /home/piusr/92032_CAN/RosMsg/install/rosmsg/share/rosmsg/cmake/rosmsg__rosidl_typesupport_cppExport-noconfig.cmake
[0.878s] -- Up-to-date: /home/piusr/92032_CAN/RosMsg/install/rosmsg/share/rosmsg/cmake/export_rosmsg__rosidl_generator_pyExport.cmake
[0.878s] -- Up-to-date: /home/piusr/92032_CAN/RosMsg/install/rosmsg/share/rosmsg/cmake/export_rosmsg__rosidl_generator_pyExport-noconfig.cmake
[0.878s] -- Up-to-date: /home/piusr/92032_CAN/RosMsg/install/rosmsg/share/rosmsg/cmake/rosidl_cmake-extras.cmake
[0.878s] -- Up-to-date: /home/piusr/92032_CAN/RosMsg/install/rosmsg/share/rosmsg/cmake/ament_cmake_export_include_directories-extras.cmake
[0.878s] -- Up-to-date: /home/piusr/92032_CAN/RosMsg/install/rosmsg/share/rosmsg/cmake/ament_cmake_export_libraries-extras.cmake
[0.878s] -- Up-to-date: /home/piusr/92032_CAN/RosMsg/install/rosmsg/share/rosmsg/cmake/ament_cmake_export_targets-extras.cmake
[0.878s] -- Up-to-date: /home/piusr/92032_CAN/RosMsg/install/rosmsg/share/rosmsg/cmake/rosidl_cmake_export_typesupport_targets-extras.cmake
[0.878s] -- Up-to-date: /home/piusr/92032_CAN/RosMsg/install/rosmsg/share/rosmsg/cmake/ament_cmake_export_dependencies-extras.cmake
[0.878s] -- Up-to-date: /home/piusr/92032_CAN/RosMsg/install/rosmsg/share/rosmsg/cmake/rosidl_cmake_export_typesupport_libraries-extras.cmake
[0.879s] -- Up-to-date: /home/piusr/92032_CAN/RosMsg/install/rosmsg/share/rosmsg/cmake/rosmsgConfig.cmake
[0.879s] -- Up-to-date: /home/piusr/92032_CAN/RosMsg/install/rosmsg/share/rosmsg/cmake/rosmsgConfig-version.cmake
[0.879s] -- Up-to-date: /home/piusr/92032_CAN/RosMsg/install/rosmsg/share/rosmsg/package.xml
[0.881s] Invoked command in '/home/piusr/92032_CAN/RosMsg/build/rosmsg' returned '0': CMAKE_PREFIX_PATH=${CMAKE_PREFIX_PATH}:/opt/ros/jazzy DEBUGINFOD_URLS=https://debuginfod.ubuntu.com /usr/bin/cmake --install /home/piusr/92032_CAN/RosMsg/build/rosmsg
